# su
root@6e47141a85ff:/# useradd hadoop
root@6e47141a85ff:/# passwd hadoop
New password: 
Retype new password: 
passwd: password updated successfully
root@6e47141a85ff:/# ssh-keygen -t rsa
bash: ssh-keygen: command not found
root@6e47141a85ff:/# apt-get update
Get:1 http://archive.ubuntu.com/ubuntu jammy InRelease [270 kB]
Get:2 http://security.ubuntu.com/ubuntu jammy-security InRelease [110 kB]
Get:3 http://archive.ubuntu.com/ubuntu jammy-updates InRelease [119 kB]
Get:4 http://archive.ubuntu.com/ubuntu jammy-backports InRelease [108 kB]
Get:5 http://archive.ubuntu.com/ubuntu jammy/restricted amd64 Packages [164 kB]
Get:6 http://security.ubuntu.com/ubuntu jammy-security/main amd64 Packages [1004 kB]
Get:7 http://archive.ubuntu.com/ubuntu jammy/main amd64 Packages [1792 kB]      
Get:8 http://archive.ubuntu.com/ubuntu jammy/universe amd64 Packages [17.5 MB]               
Get:9 http://security.ubuntu.com/ubuntu jammy-security/multiverse amd64 Packages [41.2 kB]
Get:10 http://security.ubuntu.com/ubuntu jammy-security/universe amd64 Packages [925 kB]     
Get:11 http://security.ubuntu.com/ubuntu jammy-security/restricted amd64 Packages [1073 kB]    
Get:12 http://archive.ubuntu.com/ubuntu jammy/multiverse amd64 Packages [266 kB]               
Get:13 http://archive.ubuntu.com/ubuntu jammy-updates/restricted amd64 Packages [1126 kB]      
Get:14 http://archive.ubuntu.com/ubuntu jammy-updates/universe amd64 Packages [1166 kB]        
Get:15 http://archive.ubuntu.com/ubuntu jammy-updates/main amd64 Packages [1350 kB]            
Get:16 http://archive.ubuntu.com/ubuntu jammy-updates/multiverse amd64 Packages [46.6 kB]      
Get:17 http://archive.ubuntu.com/ubuntu jammy-backports/universe amd64 Packages [25.6 kB]      
Get:18 http://archive.ubuntu.com/ubuntu jammy-backports/main amd64 Packages [49.4 kB]          
Fetched 27.1 MB in 15s (1811 kB/s)                                                             
Reading package lists... Done
root@6e47141a85ff:/# apt-get install -y ssh
Reading package lists... Done
Building dependency tree... Done
Reading state information... Done
The following additional packages will be installed:
  ca-certificates dbus distro-info-data dmsetup gir1.2-glib-2.0 libapparmor1 libargon2-1
  libbsd0 libcbor0.8 libcryptsetup12 libdbus-1-3 libdevmapper1.02.1 libedit2 libexpat1
  libfido2-1 libgirepository-1.0-1 libglib2.0-0 libglib2.0-data libicu70 libip4tc2 libjson-c5
  libkmod2 libmd0 libmpdec3 libnss-systemd libpam-systemd libpsl5 libpython3-stdlib
  libpython3.10-minimal libpython3.10-stdlib libreadline8 libsqlite3-0 libsystemd0 libwrap0
  libx11-6 libx11-data libxau6 libxcb1 libxdmcp6 libxext6 libxml2 libxmuu1 lsb-release
  media-types ncurses-term networkd-dispatcher openssh-client openssh-server
  openssh-sftp-server openssl publicsuffix python3 python3-dbus python3-distro python3-gi
  python3-minimal python3.10 python3.10-minimal readline-common shared-mime-info ssh-import-id
  systemd systemd-sysv systemd-timesyncd ucf wget xauth xdg-user-dirs
Suggested packages:
  default-dbus-session-bus | dbus-session-bus iw | wireless-tools keychain libpam-ssh
  monkeysphere ssh-askpass molly-guard ufw python3-doc python3-tk python3-venv python-dbus-doc
  python3.10-venv python3.10-doc binutils binfmt-support readline-doc systemd-container
  libtss2-esys-3.0.2-0 libtss2-mu0 libtss2-rc0 policykit-1
The following NEW packages will be installed:
  ca-certificates dbus distro-info-data dmsetup gir1.2-glib-2.0 libapparmor1 libargon2-1
  libbsd0 libcbor0.8 libcryptsetup12 libdbus-1-3 libdevmapper1.02.1 libedit2 libexpat1
  libfido2-1 libgirepository-1.0-1 libglib2.0-0 libglib2.0-data libicu70 libip4tc2 libjson-c5
  libkmod2 libmd0 libmpdec3 libnss-systemd libpam-systemd libpsl5 libpython3-stdlib
  libpython3.10-minimal libpython3.10-stdlib libreadline8 libsqlite3-0 libwrap0 libx11-6
  libx11-data libxau6 libxcb1 libxdmcp6 libxext6 libxml2 libxmuu1 lsb-release media-types
  ncurses-term networkd-dispatcher openssh-client openssh-server openssh-sftp-server openssl
  publicsuffix python3 python3-dbus python3-distro python3-gi python3-minimal python3.10
  python3.10-minimal readline-common shared-mime-info ssh ssh-import-id systemd systemd-sysv
  systemd-timesyncd ucf wget xauth xdg-user-dirs
The following packages will be upgraded:
  libsystemd0
1 upgraded, 68 newly installed, 0 to remove and 4 not upgraded.
Need to get 31.5 MB of archives.
After this operation, 110 MB of additional disk space will be used.
Get:1 http://archive.ubuntu.com/ubuntu jammy-updates/main amd64 libsystemd0 amd64 249.11-0ubuntu3.9 [318 kB]
Get:2 http://archive.ubuntu.com/ubuntu jammy-updates/main amd64 libpython3.10-minimal amd64 3.10.6-1~22.04.2ubuntu1 [810 kB]
Get:3 http://archive.ubuntu.com/ubuntu jammy-updates/main amd64 libexpat1 amd64 2.4.7-1ubuntu0.2 [91.0 kB]
Get:4 http://archive.ubuntu.com/ubuntu jammy-updates/main amd64 python3.10-minimal amd64 3.10.6-1~22.04.2ubuntu1 [2263 kB]
Get:5 http://archive.ubuntu.com/ubuntu jammy-updates/main amd64 python3-minimal amd64 3.10.6-1~22.04 [24.3 kB]
Get:6 http://archive.ubuntu.com/ubuntu jammy/main amd64 media-types all 7.0.0 [25.5 kB]
Get:7 http://archive.ubuntu.com/ubuntu jammy/main amd64 libmpdec3 amd64 2.5.1-2build2 [86.8 kB]
Get:8 http://archive.ubuntu.com/ubuntu jammy/main amd64 readline-common all 8.1.2-1 [53.5 kB]
Get:9 http://archive.ubuntu.com/ubuntu jammy/main amd64 libreadline8 amd64 8.1.2-1 [153 kB]
Get:10 http://archive.ubuntu.com/ubuntu jammy-updates/main amd64 libsqlite3-0 amd64 3.37.2-2ubuntu0.1 [641 kB]
Get:11 http://archive.ubuntu.com/ubuntu jammy-updates/main amd64 libpython3.10-stdlib amd64 3.10.6-1~22.04.2ubuntu1 [1831 kB]
Get:12 http://archive.ubuntu.com/ubuntu jammy-updates/main amd64 python3.10 amd64 3.10.6-1~22.04.2ubuntu1 [497 kB]
Get:13 http://archive.ubuntu.com/ubuntu jammy-updates/main amd64 libpython3-stdlib amd64 3.10.6-1~22.04 [6910 B]
Get:14 http://archive.ubuntu.com/ubuntu jammy-updates/main amd64 python3 amd64 3.10.6-1~22.04 [22.8 kB]
Get:15 http://archive.ubuntu.com/ubuntu jammy-updates/main amd64 libapparmor1 amd64 3.0.4-2ubuntu2.2 [39.2 kB]
Get:16 http://archive.ubuntu.com/ubuntu jammy/main amd64 libargon2-1 amd64 0~20171227-0.3 [19.5 kB]
Get:17 http://archive.ubuntu.com/ubuntu jammy/main amd64 libdevmapper1.02.1 amd64 2:1.02.175-2.1ubuntu4 [139 kB]
Get:18 http://archive.ubuntu.com/ubuntu jammy-updates/main amd64 libjson-c5 amd64 0.15-3~ubuntu1.22.04.1 [33.5 kB]
Get:19 http://archive.ubuntu.com/ubuntu jammy-updates/main amd64 libcryptsetup12 amd64 2:2.4.3-1ubuntu1.1 [211 kB]
Get:20 http://archive.ubuntu.com/ubuntu jammy/main amd64 libip4tc2 amd64 1.8.7-1ubuntu5 [19.7 kB]
Get:21 http://archive.ubuntu.com/ubuntu jammy/main amd64 libkmod2 amd64 29-1ubuntu1 [48.0 kB]
Get:22 http://archive.ubuntu.com/ubuntu jammy-updates/main amd64 systemd amd64 249.11-0ubuntu3.9 [4581 kB]
Get:23 http://archive.ubuntu.com/ubuntu jammy-updates/main amd64 systemd-sysv amd64 249.11-0ubuntu3.9 [10.5 kB]
Get:24 http://archive.ubuntu.com/ubuntu jammy/main amd64 libmd0 amd64 1.0.4-1build1 [23.0 kB]  
Get:25 http://archive.ubuntu.com/ubuntu jammy/main amd64 libbsd0 amd64 0.11.5-1 [44.8 kB]      
Get:26 http://archive.ubuntu.com/ubuntu jammy/main amd64 libedit2 amd64 3.1-20210910-1build1 [96.8 kB]
Get:27 http://archive.ubuntu.com/ubuntu jammy/main amd64 libcbor0.8 amd64 0.8.0-2ubuntu1 [24.6 kB]
Get:28 http://archive.ubuntu.com/ubuntu jammy/main amd64 libfido2-1 amd64 1.10.0-1 [82.8 kB]   
Get:29 http://archive.ubuntu.com/ubuntu jammy-updates/main amd64 openssh-client amd64 1:8.9p1-3ubuntu0.1 [908 kB]
Get:30 http://archive.ubuntu.com/ubuntu jammy-updates/main amd64 openssh-sftp-server amd64 1:8.9p1-3ubuntu0.1 [38.7 kB]
Get:31 http://archive.ubuntu.com/ubuntu jammy/main amd64 ucf all 3.0043 [56.1 kB]              
Get:32 http://archive.ubuntu.com/ubuntu jammy/main amd64 libwrap0 amd64 7.6.q-31build2 [47.9 kB]
Get:33 http://archive.ubuntu.com/ubuntu jammy-updates/main amd64 openssh-server amd64 1:8.9p1-3ubuntu0.1 [434 kB]
Get:34 http://archive.ubuntu.com/ubuntu jammy-updates/main amd64 ssh all 1:8.9p1-3ubuntu0.1 [4850 B]
Get:35 http://archive.ubuntu.com/ubuntu jammy-updates/main amd64 openssl amd64 3.0.2-0ubuntu1.9 [1185 kB]
Get:36 http://archive.ubuntu.com/ubuntu jammy-updates/main amd64 ca-certificates all 20211016ubuntu0.22.04.1 [144 kB]
Get:37 http://archive.ubuntu.com/ubuntu jammy-updates/main amd64 libdbus-1-3 amd64 1.12.20-2ubuntu4.1 [189 kB]
Get:38 http://archive.ubuntu.com/ubuntu jammy-updates/main amd64 dbus amd64 1.12.20-2ubuntu4.1 [158 kB]
Get:39 http://archive.ubuntu.com/ubuntu jammy-updates/main amd64 distro-info-data all 0.52ubuntu0.3 [5258 B]
Get:40 http://archive.ubuntu.com/ubuntu jammy/main amd64 dmsetup amd64 2:1.02.175-2.1ubuntu4 [81.7 kB]
Get:41 http://archive.ubuntu.com/ubuntu jammy-updates/main amd64 libglib2.0-0 amd64 2.72.4-0ubuntu2 [1462 kB]
Get:42 http://archive.ubuntu.com/ubuntu jammy/main amd64 libgirepository-1.0-1 amd64 1.72.0-1 [55.6 kB]
Get:43 http://archive.ubuntu.com/ubuntu jammy/main amd64 gir1.2-glib-2.0 amd64 1.72.0-1 [164 kB]
Get:44 http://archive.ubuntu.com/ubuntu jammy-updates/main amd64 libglib2.0-data all 2.72.4-0ubuntu2 [4968 B]
Get:45 http://archive.ubuntu.com/ubuntu jammy/main amd64 libicu70 amd64 70.1-2 [10.6 MB]       
Get:46 http://archive.ubuntu.com/ubuntu jammy-updates/main amd64 libnss-systemd amd64 249.11-0ubuntu3.9 [133 kB]
Get:47 http://archive.ubuntu.com/ubuntu jammy-updates/main amd64 libpam-systemd amd64 249.11-0ubuntu3.9 [203 kB]
Get:48 http://archive.ubuntu.com/ubuntu jammy-updates/main amd64 libxml2 amd64 2.9.13+dfsg-1ubuntu0.3 [763 kB]
Get:49 http://archive.ubuntu.com/ubuntu jammy/main amd64 lsb-release all 11.1.0ubuntu4 [10.8 kB]
Get:50 http://archive.ubuntu.com/ubuntu jammy/main amd64 python3-dbus amd64 1.2.18-3build1 [99.5 kB]
Get:51 http://archive.ubuntu.com/ubuntu jammy-updates/main amd64 python3-gi amd64 3.42.1-0ubuntu1 [229 kB]
Get:52 http://archive.ubuntu.com/ubuntu jammy-updates/main amd64 networkd-dispatcher all 2.1-2ubuntu0.22.04.2 [15.8 kB]
Get:53 http://archive.ubuntu.com/ubuntu jammy/main amd64 shared-mime-info amd64 2.1-2 [454 kB] 
Get:54 http://archive.ubuntu.com/ubuntu jammy-updates/main amd64 systemd-timesyncd amd64 249.11-0ubuntu3.9 [31.2 kB]
Get:55 http://archive.ubuntu.com/ubuntu jammy/main amd64 xdg-user-dirs amd64 0.17-2ubuntu4 [53.9 kB]
Get:56 http://archive.ubuntu.com/ubuntu jammy/main amd64 libpsl5 amd64 0.21.0-1.2build2 [58.4 kB]
Get:57 http://archive.ubuntu.com/ubuntu jammy/main amd64 libxau6 amd64 1:1.0.9-1build5 [7634 B]
Get:58 http://archive.ubuntu.com/ubuntu jammy/main amd64 libxdmcp6 amd64 1:1.1.3-0ubuntu5 [10.9 kB]
Get:59 http://archive.ubuntu.com/ubuntu jammy/main amd64 libxcb1 amd64 1.14-3ubuntu3 [49.0 kB] 
Get:60 http://archive.ubuntu.com/ubuntu jammy/main amd64 libx11-data all 2:1.7.5-1 [119 kB]    
Get:61 http://archive.ubuntu.com/ubuntu jammy/main amd64 libx11-6 amd64 2:1.7.5-1 [666 kB]     
Get:62 http://archive.ubuntu.com/ubuntu jammy/main amd64 libxext6 amd64 2:1.3.4-1build1 [31.8 kB]
Get:63 http://archive.ubuntu.com/ubuntu jammy/main amd64 libxmuu1 amd64 2:1.1.3-3 [10.2 kB]    
Get:64 http://archive.ubuntu.com/ubuntu jammy/main amd64 publicsuffix all 20211207.1025-1 [129 kB]
Get:65 http://archive.ubuntu.com/ubuntu jammy/main amd64 wget amd64 1.21.2-2ubuntu1 [367 kB]   
Get:66 http://archive.ubuntu.com/ubuntu jammy/main amd64 xauth amd64 1:1.1-1build2 [27.5 kB]   
Get:67 http://archive.ubuntu.com/ubuntu jammy/main amd64 ncurses-term all 6.3-2 [267 kB]       
Get:68 http://archive.ubuntu.com/ubuntu jammy/main amd64 python3-distro all 1.7.0-1 [17.0 kB]  
Get:69 http://archive.ubuntu.com/ubuntu jammy/main amd64 ssh-import-id all 5.11-0ubuntu1 [10.1 kB]
Fetched 31.5 MB in 18s (1703 kB/s)                                                             
debconf: delaying package configuration, since apt-utils is not installed
(Reading database ... 4395 files and directories currently installed.)
Preparing to unpack .../libsystemd0_249.11-0ubuntu3.9_amd64.deb ...
Unpacking libsystemd0:amd64 (249.11-0ubuntu3.9) over (249.11-0ubuntu3.7) ...
Setting up libsystemd0:amd64 (249.11-0ubuntu3.9) ...
Selecting previously unselected package libpython3.10-minimal:amd64.
(Reading database ... 4395 files and directories currently installed.)
Preparing to unpack .../libpython3.10-minimal_3.10.6-1~22.04.2ubuntu1_amd64.deb ...
Unpacking libpython3.10-minimal:amd64 (3.10.6-1~22.04.2ubuntu1) ...
Selecting previously unselected package libexpat1:amd64.
Preparing to unpack .../libexpat1_2.4.7-1ubuntu0.2_amd64.deb ...
Unpacking libexpat1:amd64 (2.4.7-1ubuntu0.2) ...
Selecting previously unselected package python3.10-minimal.
Preparing to unpack .../python3.10-minimal_3.10.6-1~22.04.2ubuntu1_amd64.deb ...
Unpacking python3.10-minimal (3.10.6-1~22.04.2ubuntu1) ...
Setting up libpython3.10-minimal:amd64 (3.10.6-1~22.04.2ubuntu1) ...
Setting up libexpat1:amd64 (2.4.7-1ubuntu0.2) ...
Setting up python3.10-minimal (3.10.6-1~22.04.2ubuntu1) ...
Selecting previously unselected package python3-minimal.
(Reading database ... 4697 files and directories currently installed.)
Preparing to unpack .../0-python3-minimal_3.10.6-1~22.04_amd64.deb ...
Unpacking python3-minimal (3.10.6-1~22.04) ...
Selecting previously unselected package media-types.
Preparing to unpack .../1-media-types_7.0.0_all.deb ...
Unpacking media-types (7.0.0) ...
Selecting previously unselected package libmpdec3:amd64.
Preparing to unpack .../2-libmpdec3_2.5.1-2build2_amd64.deb ...
Unpacking libmpdec3:amd64 (2.5.1-2build2) ...
Selecting previously unselected package readline-common.
Preparing to unpack .../3-readline-common_8.1.2-1_all.deb ...
Unpacking readline-common (8.1.2-1) ...
Selecting previously unselected package libreadline8:amd64.
Preparing to unpack .../4-libreadline8_8.1.2-1_amd64.deb ...
Unpacking libreadline8:amd64 (8.1.2-1) ...
Selecting previously unselected package libsqlite3-0:amd64.
Preparing to unpack .../5-libsqlite3-0_3.37.2-2ubuntu0.1_amd64.deb ...
Unpacking libsqlite3-0:amd64 (3.37.2-2ubuntu0.1) ...
Selecting previously unselected package libpython3.10-stdlib:amd64.
Preparing to unpack .../6-libpython3.10-stdlib_3.10.6-1~22.04.2ubuntu1_amd64.deb ...
Unpacking libpython3.10-stdlib:amd64 (3.10.6-1~22.04.2ubuntu1) ...
Selecting previously unselected package python3.10.
Preparing to unpack .../7-python3.10_3.10.6-1~22.04.2ubuntu1_amd64.deb ...
Unpacking python3.10 (3.10.6-1~22.04.2ubuntu1) ...
Selecting previously unselected package libpython3-stdlib:amd64.
Preparing to unpack .../8-libpython3-stdlib_3.10.6-1~22.04_amd64.deb ...
Unpacking libpython3-stdlib:amd64 (3.10.6-1~22.04) ...
Setting up python3-minimal (3.10.6-1~22.04) ...
Selecting previously unselected package python3.
(Reading database ... 5126 files and directories currently installed.)
Preparing to unpack .../0-python3_3.10.6-1~22.04_amd64.deb ...
Unpacking python3 (3.10.6-1~22.04) ...
Selecting previously unselected package libapparmor1:amd64.
Preparing to unpack .../1-libapparmor1_3.0.4-2ubuntu2.2_amd64.deb ...
Unpacking libapparmor1:amd64 (3.0.4-2ubuntu2.2) ...
Selecting previously unselected package libargon2-1:amd64.
Preparing to unpack .../2-libargon2-1_0~20171227-0.3_amd64.deb ...
Unpacking libargon2-1:amd64 (0~20171227-0.3) ...
Selecting previously unselected package libdevmapper1.02.1:amd64.
Preparing to unpack .../3-libdevmapper1.02.1_2%3a1.02.175-2.1ubuntu4_amd64.deb ...
Unpacking libdevmapper1.02.1:amd64 (2:1.02.175-2.1ubuntu4) ...
Selecting previously unselected package libjson-c5:amd64.
Preparing to unpack .../4-libjson-c5_0.15-3~ubuntu1.22.04.1_amd64.deb ...
Unpacking libjson-c5:amd64 (0.15-3~ubuntu1.22.04.1) ...
Selecting previously unselected package libcryptsetup12:amd64.
Preparing to unpack .../5-libcryptsetup12_2%3a2.4.3-1ubuntu1.1_amd64.deb ...
Unpacking libcryptsetup12:amd64 (2:2.4.3-1ubuntu1.1) ...
Selecting previously unselected package libip4tc2:amd64.
Preparing to unpack .../6-libip4tc2_1.8.7-1ubuntu5_amd64.deb ...
Unpacking libip4tc2:amd64 (1.8.7-1ubuntu5) ...
Selecting previously unselected package libkmod2:amd64.
Preparing to unpack .../7-libkmod2_29-1ubuntu1_amd64.deb ...
Unpacking libkmod2:amd64 (29-1ubuntu1) ...
Selecting previously unselected package systemd.
Preparing to unpack .../8-systemd_249.11-0ubuntu3.9_amd64.deb ...
Unpacking systemd (249.11-0ubuntu3.9) ...
Setting up libapparmor1:amd64 (3.0.4-2ubuntu2.2) ...
Setting up libargon2-1:amd64 (0~20171227-0.3) ...
Setting up libdevmapper1.02.1:amd64 (2:1.02.175-2.1ubuntu4) ...
Setting up libjson-c5:amd64 (0.15-3~ubuntu1.22.04.1) ...
Setting up libcryptsetup12:amd64 (2:2.4.3-1ubuntu1.1) ...
Setting up libip4tc2:amd64 (1.8.7-1ubuntu5) ...
Setting up libkmod2:amd64 (29-1ubuntu1) ...
Setting up systemd (249.11-0ubuntu3.9) ...
Created symlink /etc/systemd/system/getty.target.wants/getty@tty1.service → /lib/systemd/system/getty@.service.
Created symlink /etc/systemd/system/multi-user.target.wants/remote-fs.target → /lib/systemd/system/remote-fs.target.
Created symlink /etc/systemd/system/dbus-org.freedesktop.resolve1.service → /lib/systemd/system/systemd-resolved.service.
Created symlink /etc/systemd/system/multi-user.target.wants/systemd-resolved.service → /lib/systemd/system/systemd-resolved.service.
ln: failed to create symbolic link '/etc/resolv.conf': Device or resource busy
Created symlink /etc/systemd/system/sysinit.target.wants/systemd-pstore.service → /lib/systemd/system/systemd-pstore.service.
Initializing machine ID from random generator.
Selecting previously unselected package systemd-sysv.
(Reading database ... 5966 files and directories currently installed.)
Preparing to unpack .../00-systemd-sysv_249.11-0ubuntu3.9_amd64.deb ...
Unpacking systemd-sysv (249.11-0ubuntu3.9) ...
Selecting previously unselected package libmd0:amd64.
Preparing to unpack .../01-libmd0_1.0.4-1build1_amd64.deb ...
Unpacking libmd0:amd64 (1.0.4-1build1) ...
Selecting previously unselected package libbsd0:amd64.
Preparing to unpack .../02-libbsd0_0.11.5-1_amd64.deb ...
Unpacking libbsd0:amd64 (0.11.5-1) ...
Selecting previously unselected package libedit2:amd64.
Preparing to unpack .../03-libedit2_3.1-20210910-1build1_amd64.deb ...
Unpacking libedit2:amd64 (3.1-20210910-1build1) ...
Selecting previously unselected package libcbor0.8:amd64.
Preparing to unpack .../04-libcbor0.8_0.8.0-2ubuntu1_amd64.deb ...
Unpacking libcbor0.8:amd64 (0.8.0-2ubuntu1) ...
Selecting previously unselected package libfido2-1:amd64.
Preparing to unpack .../05-libfido2-1_1.10.0-1_amd64.deb ...
Unpacking libfido2-1:amd64 (1.10.0-1) ...
Selecting previously unselected package openssh-client.
Preparing to unpack .../06-openssh-client_1%3a8.9p1-3ubuntu0.1_amd64.deb ...
Unpacking openssh-client (1:8.9p1-3ubuntu0.1) ...
Selecting previously unselected package openssh-sftp-server.
Preparing to unpack .../07-openssh-sftp-server_1%3a8.9p1-3ubuntu0.1_amd64.deb ...
Unpacking openssh-sftp-server (1:8.9p1-3ubuntu0.1) ...
Selecting previously unselected package ucf.
Preparing to unpack .../08-ucf_3.0043_all.deb ...
Moving old data out of the way
Unpacking ucf (3.0043) ...
Selecting previously unselected package libwrap0:amd64.
Preparing to unpack .../09-libwrap0_7.6.q-31build2_amd64.deb ...
Unpacking libwrap0:amd64 (7.6.q-31build2) ...
Selecting previously unselected package openssh-server.
Preparing to unpack .../10-openssh-server_1%3a8.9p1-3ubuntu0.1_amd64.deb ...
Unpacking openssh-server (1:8.9p1-3ubuntu0.1) ...
Selecting previously unselected package ssh.
Preparing to unpack .../11-ssh_1%3a8.9p1-3ubuntu0.1_all.deb ...
Unpacking ssh (1:8.9p1-3ubuntu0.1) ...
Selecting previously unselected package openssl.
Preparing to unpack .../12-openssl_3.0.2-0ubuntu1.9_amd64.deb ...
Unpacking openssl (3.0.2-0ubuntu1.9) ...
Selecting previously unselected package ca-certificates.
Preparing to unpack .../13-ca-certificates_20211016ubuntu0.22.04.1_all.deb ...
Unpacking ca-certificates (20211016ubuntu0.22.04.1) ...
Selecting previously unselected package libdbus-1-3:amd64.
Preparing to unpack .../14-libdbus-1-3_1.12.20-2ubuntu4.1_amd64.deb ...
Unpacking libdbus-1-3:amd64 (1.12.20-2ubuntu4.1) ...
Selecting previously unselected package dbus.
Preparing to unpack .../15-dbus_1.12.20-2ubuntu4.1_amd64.deb ...
Unpacking dbus (1.12.20-2ubuntu4.1) ...
Selecting previously unselected package distro-info-data.
Preparing to unpack .../16-distro-info-data_0.52ubuntu0.3_all.deb ...
Unpacking distro-info-data (0.52ubuntu0.3) ...
Selecting previously unselected package dmsetup.
Preparing to unpack .../17-dmsetup_2%3a1.02.175-2.1ubuntu4_amd64.deb ...
Unpacking dmsetup (2:1.02.175-2.1ubuntu4) ...
Selecting previously unselected package libglib2.0-0:amd64.
Preparing to unpack .../18-libglib2.0-0_2.72.4-0ubuntu2_amd64.deb ...
Unpacking libglib2.0-0:amd64 (2.72.4-0ubuntu2) ...
Selecting previously unselected package libgirepository-1.0-1:amd64.
Preparing to unpack .../19-libgirepository-1.0-1_1.72.0-1_amd64.deb ...
Unpacking libgirepository-1.0-1:amd64 (1.72.0-1) ...
Selecting previously unselected package gir1.2-glib-2.0:amd64.
Preparing to unpack .../20-gir1.2-glib-2.0_1.72.0-1_amd64.deb ...
Unpacking gir1.2-glib-2.0:amd64 (1.72.0-1) ...
Selecting previously unselected package libglib2.0-data.
Preparing to unpack .../21-libglib2.0-data_2.72.4-0ubuntu2_all.deb ...
Unpacking libglib2.0-data (2.72.4-0ubuntu2) ...
Selecting previously unselected package libicu70:amd64.
Preparing to unpack .../22-libicu70_70.1-2_amd64.deb ...
Unpacking libicu70:amd64 (70.1-2) ...
Selecting previously unselected package libnss-systemd:amd64.
Preparing to unpack .../23-libnss-systemd_249.11-0ubuntu3.9_amd64.deb ...
Unpacking libnss-systemd:amd64 (249.11-0ubuntu3.9) ...
Selecting previously unselected package libpam-systemd:amd64.
Preparing to unpack .../24-libpam-systemd_249.11-0ubuntu3.9_amd64.deb ...
Unpacking libpam-systemd:amd64 (249.11-0ubuntu3.9) ...
Selecting previously unselected package libxml2:amd64.
Preparing to unpack .../25-libxml2_2.9.13+dfsg-1ubuntu0.3_amd64.deb ...
Unpacking libxml2:amd64 (2.9.13+dfsg-1ubuntu0.3) ...
Selecting previously unselected package lsb-release.
Preparing to unpack .../26-lsb-release_11.1.0ubuntu4_all.deb ...
Unpacking lsb-release (11.1.0ubuntu4) ...
Selecting previously unselected package python3-dbus.
Preparing to unpack .../27-python3-dbus_1.2.18-3build1_amd64.deb ...
Unpacking python3-dbus (1.2.18-3build1) ...
Selecting previously unselected package python3-gi.
Preparing to unpack .../28-python3-gi_3.42.1-0ubuntu1_amd64.deb ...
Unpacking python3-gi (3.42.1-0ubuntu1) ...
Selecting previously unselected package networkd-dispatcher.
Preparing to unpack .../29-networkd-dispatcher_2.1-2ubuntu0.22.04.2_all.deb ...
Unpacking networkd-dispatcher (2.1-2ubuntu0.22.04.2) ...
Selecting previously unselected package shared-mime-info.
Preparing to unpack .../30-shared-mime-info_2.1-2_amd64.deb ...
Unpacking shared-mime-info (2.1-2) ...
Selecting previously unselected package systemd-timesyncd.
Preparing to unpack .../31-systemd-timesyncd_249.11-0ubuntu3.9_amd64.deb ...
Unpacking systemd-timesyncd (249.11-0ubuntu3.9) ...
Selecting previously unselected package xdg-user-dirs.
Preparing to unpack .../32-xdg-user-dirs_0.17-2ubuntu4_amd64.deb ...
Unpacking xdg-user-dirs (0.17-2ubuntu4) ...
Selecting previously unselected package libpsl5:amd64.
Preparing to unpack .../33-libpsl5_0.21.0-1.2build2_amd64.deb ...
Unpacking libpsl5:amd64 (0.21.0-1.2build2) ...
Selecting previously unselected package libxau6:amd64.
Preparing to unpack .../34-libxau6_1%3a1.0.9-1build5_amd64.deb ...
Unpacking libxau6:amd64 (1:1.0.9-1build5) ...
Selecting previously unselected package libxdmcp6:amd64.
Preparing to unpack .../35-libxdmcp6_1%3a1.1.3-0ubuntu5_amd64.deb ...
Unpacking libxdmcp6:amd64 (1:1.1.3-0ubuntu5) ...
Selecting previously unselected package libxcb1:amd64.
Preparing to unpack .../36-libxcb1_1.14-3ubuntu3_amd64.deb ...
Unpacking libxcb1:amd64 (1.14-3ubuntu3) ...
Selecting previously unselected package libx11-data.
Preparing to unpack .../37-libx11-data_2%3a1.7.5-1_all.deb ...
Unpacking libx11-data (2:1.7.5-1) ...
Selecting previously unselected package libx11-6:amd64.
Preparing to unpack .../38-libx11-6_2%3a1.7.5-1_amd64.deb ...
Unpacking libx11-6:amd64 (2:1.7.5-1) ...
Selecting previously unselected package libxext6:amd64.
Preparing to unpack .../39-libxext6_2%3a1.3.4-1build1_amd64.deb ...
Unpacking libxext6:amd64 (2:1.3.4-1build1) ...
Selecting previously unselected package libxmuu1:amd64.
Preparing to unpack .../40-libxmuu1_2%3a1.1.3-3_amd64.deb ...
Unpacking libxmuu1:amd64 (2:1.1.3-3) ...
Selecting previously unselected package publicsuffix.
Preparing to unpack .../41-publicsuffix_20211207.1025-1_all.deb ...
Unpacking publicsuffix (20211207.1025-1) ...
Selecting previously unselected package wget.
Preparing to unpack .../42-wget_1.21.2-2ubuntu1_amd64.deb ...
Unpacking wget (1.21.2-2ubuntu1) ...
Selecting previously unselected package xauth.
Preparing to unpack .../43-xauth_1%3a1.1-1build2_amd64.deb ...
Unpacking xauth (1:1.1-1build2) ...
Selecting previously unselected package ncurses-term.
Preparing to unpack .../44-ncurses-term_6.3-2_all.deb ...
Unpacking ncurses-term (6.3-2) ...
Selecting previously unselected package python3-distro.
Preparing to unpack .../45-python3-distro_1.7.0-1_all.deb ...
Unpacking python3-distro (1.7.0-1) ...
Selecting previously unselected package ssh-import-id.
Preparing to unpack .../46-ssh-import-id_5.11-0ubuntu1_all.deb ...
Unpacking ssh-import-id (5.11-0ubuntu1) ...
Setting up media-types (7.0.0) ...
Setting up systemd-sysv (249.11-0ubuntu3.9) ...
Setting up libxau6:amd64 (1:1.0.9-1build5) ...
Setting up libpsl5:amd64 (0.21.0-1.2build2) ...
Setting up wget (1.21.2-2ubuntu1) ...
Setting up xdg-user-dirs (0.17-2ubuntu4) ...
Setting up libglib2.0-0:amd64 (2.72.4-0ubuntu2) ...
No schema files found: doing nothing.
Setting up distro-info-data (0.52ubuntu0.3) ...
Setting up libcbor0.8:amd64 (0.8.0-2ubuntu1) ...
Setting up libsqlite3-0:amd64 (3.37.2-2ubuntu0.1) ...
Setting up libnss-systemd:amd64 (249.11-0ubuntu3.9) ...
First installation detected...
Checking NSS setup...
Setting up libglib2.0-data (2.72.4-0ubuntu2) ...
Setting up libwrap0:amd64 (7.6.q-31build2) ...
Setting up libx11-data (2:1.7.5-1) ...
Setting up libdbus-1-3:amd64 (1.12.20-2ubuntu4.1) ...
Setting up dbus (1.12.20-2ubuntu4.1) ...
Setting up systemd-timesyncd (249.11-0ubuntu3.9) ...
Created symlink /etc/systemd/system/dbus-org.freedesktop.timesync1.service → /lib/systemd/system/systemd-timesyncd.service.
Created symlink /etc/systemd/system/sysinit.target.wants/systemd-timesyncd.service → /lib/systemd/system/systemd-timesyncd.service.
Setting up ucf (3.0043) ...
debconf: unable to initialize frontend: Dialog
debconf: (No usable dialog-like program is installed, so the dialog based frontend cannot be used. at /usr/share/perl5/Debconf/FrontEnd/Dialog.pm line 78.)
debconf: falling back to frontend: Readline
debconf: unable to initialize frontend: Readline
debconf: (Can't locate Term/ReadLine.pm in @INC (you may need to install the Term::ReadLine module) (@INC contains: /etc/perl /usr/local/lib/x86_64-linux-gnu/perl/5.34.0 /usr/local/share/perl/5.34.0 /usr/lib/x86_64-linux-gnu/perl5/5.34 /usr/share/perl5 /usr/lib/x86_64-linux-gnu/perl-base /usr/lib/x86_64-linux-gnu/perl/5.34 /usr/share/perl/5.34 /usr/local/lib/site_perl) at /usr/share/perl5/Debconf/FrontEnd/Readline.pm line 7.)
debconf: falling back to frontend: Teletype
Setting up libmd0:amd64 (1.0.4-1build1) ...
Setting up dmsetup (2:1.02.175-2.1ubuntu4) ...
Setting up libmpdec3:amd64 (2.5.1-2build2) ...
Setting up libpam-systemd:amd64 (249.11-0ubuntu3.9) ...
debconf: unable to initialize frontend: Dialog
debconf: (No usable dialog-like program is installed, so the dialog based frontend cannot be used. at /usr/share/perl5/Debconf/FrontEnd/Dialog.pm line 78.)
debconf: falling back to frontend: Readline
debconf: unable to initialize frontend: Readline
debconf: (Can't locate Term/ReadLine.pm in @INC (you may need to install the Term::ReadLine module) (@INC contains: /etc/perl /usr/local/lib/x86_64-linux-gnu/perl/5.34.0 /usr/local/share/perl/5.34.0 /usr/lib/x86_64-linux-gnu/perl5/5.34 /usr/share/perl5 /usr/lib/x86_64-linux-gnu/perl-base /usr/lib/x86_64-linux-gnu/perl/5.34 /usr/share/perl/5.34 /usr/local/lib/site_perl) at /usr/share/perl5/Debconf/FrontEnd/Readline.pm line 7.)
debconf: falling back to frontend: Teletype
Setting up libgirepository-1.0-1:amd64 (1.72.0-1) ...
Setting up libfido2-1:amd64 (1.10.0-1) ...
Setting up openssl (3.0.2-0ubuntu1.9) ...
Setting up libbsd0:amd64 (0.11.5-1) ...
Setting up readline-common (8.1.2-1) ...
Setting up publicsuffix (20211207.1025-1) ...
Setting up libicu70:amd64 (70.1-2) ...
Setting up ncurses-term (6.3-2) ...
Setting up libxdmcp6:amd64 (1:1.1.3-0ubuntu5) ...
Setting up libxcb1:amd64 (1.14-3ubuntu3) ...
Setting up libedit2:amd64 (3.1-20210910-1build1) ...
Setting up libreadline8:amd64 (8.1.2-1) ...
Setting up libpython3.10-stdlib:amd64 (3.10.6-1~22.04.2ubuntu1) ...
Setting up ca-certificates (20211016ubuntu0.22.04.1) ...
debconf: unable to initialize frontend: Dialog
debconf: (No usable dialog-like program is installed, so the dialog based frontend cannot be used. at /usr/share/perl5/Debconf/FrontEnd/Dialog.pm line 78.)
debconf: falling back to frontend: Readline
debconf: unable to initialize frontend: Readline
debconf: (Can't locate Term/ReadLine.pm in @INC (you may need to install the Term::ReadLine module) (@INC contains: /etc/perl /usr/local/lib/x86_64-linux-gnu/perl/5.34.0 /usr/local/share/perl/5.34.0 /usr/lib/x86_64-linux-gnu/perl5/5.34 /usr/share/perl5 /usr/lib/x86_64-linux-gnu/perl-base /usr/lib/x86_64-linux-gnu/perl/5.34 /usr/share/perl/5.34 /usr/local/lib/site_perl) at /usr/share/perl5/Debconf/FrontEnd/Readline.pm line 7.)
debconf: falling back to frontend: Teletype
Updating certificates in /etc/ssl/certs...
124 added, 0 removed; done.
Setting up gir1.2-glib-2.0:amd64 (1.72.0-1) ...
Setting up libx11-6:amd64 (2:1.7.5-1) ...
Setting up libxml2:amd64 (2.9.13+dfsg-1ubuntu0.3) ...
Setting up libxmuu1:amd64 (2:1.1.3-3) ...
Setting up libpython3-stdlib:amd64 (3.10.6-1~22.04) ...
Setting up python3.10 (3.10.6-1~22.04.2ubuntu1) ...
Setting up openssh-client (1:8.9p1-3ubuntu0.1) ...
update-alternatives: using /usr/bin/ssh to provide /usr/bin/rsh (rsh) in auto mode
update-alternatives: warning: skip creation of /usr/share/man/man1/rsh.1.gz because associated file /usr/share/man/man1/ssh.1.gz (of link group rsh) doesn't exist
update-alternatives: using /usr/bin/slogin to provide /usr/bin/rlogin (rlogin) in auto mode
update-alternatives: warning: skip creation of /usr/share/man/man1/rlogin.1.gz because associated file /usr/share/man/man1/slogin.1.gz (of link group rlogin) doesn't exist
update-alternatives: using /usr/bin/scp to provide /usr/bin/rcp (rcp) in auto mode
update-alternatives: warning: skip creation of /usr/share/man/man1/rcp.1.gz because associated file /usr/share/man/man1/scp.1.gz (of link group rcp) doesn't exist
Setting up libxext6:amd64 (2:1.3.4-1build1) ...
Setting up python3 (3.10.6-1~22.04) ...
running python rtupdate hooks for python3.10...
running python post-rtupdate hooks for python3.10...
Setting up python3-gi (3.42.1-0ubuntu1) ...
Setting up shared-mime-info (2.1-2) ...
Setting up xauth (1:1.1-1build2) ...
Setting up lsb-release (11.1.0ubuntu4) ...
Setting up openssh-sftp-server (1:8.9p1-3ubuntu0.1) ...
Setting up python3-dbus (1.2.18-3build1) ...
Setting up python3-distro (1.7.0-1) ...
Setting up openssh-server (1:8.9p1-3ubuntu0.1) ...
debconf: unable to initialize frontend: Dialog
debconf: (No usable dialog-like program is installed, so the dialog based frontend cannot be used. at /usr/share/perl5/Debconf/FrontEnd/Dialog.pm line 78.)
debconf: falling back to frontend: Readline
debconf: unable to initialize frontend: Readline
debconf: (Can't locate Term/ReadLine.pm in @INC (you may need to install the Term::ReadLine module) (@INC contains: /etc/perl /usr/local/lib/x86_64-linux-gnu/perl/5.34.0 /usr/local/share/perl/5.34.0 /usr/lib/x86_64-linux-gnu/perl5/5.34 /usr/share/perl5 /usr/lib/x86_64-linux-gnu/perl-base /usr/lib/x86_64-linux-gnu/perl/5.34 /usr/share/perl/5.34 /usr/local/lib/site_perl) at /usr/share/perl5/Debconf/FrontEnd/Readline.pm line 7.)
debconf: falling back to frontend: Teletype

Creating config file /etc/ssh/sshd_config with new version
Creating SSH2 RSA key; this may take some time ...
3072 SHA256:iJVqnPuLBt5okZQVBZe6klDoRapMaosyhaVxbYiW0ac root@6e47141a85ff (RSA)
Creating SSH2 ECDSA key; this may take some time ...
256 SHA256:8jBcmY9p+Zw19U9flJ6jq4JaFGtXZB9f0VadiE5nEVE root@6e47141a85ff (ECDSA)
Creating SSH2 ED25519 key; this may take some time ...
256 SHA256:Z2ng6IKdR+xpDsryZDklmWqKAI4EjAkdM31F6ffcVAc root@6e47141a85ff (ED25519)
invoke-rc.d: could not determine current runlevel
invoke-rc.d: policy-rc.d denied execution of start.
Created symlink /etc/systemd/system/sshd.service → /lib/systemd/system/ssh.service.
Created symlink /etc/systemd/system/multi-user.target.wants/ssh.service → /lib/systemd/system/ssh.service.
Setting up ssh-import-id (5.11-0ubuntu1) ...
Setting up networkd-dispatcher (2.1-2ubuntu0.22.04.2) ...
Created symlink /etc/systemd/system/multi-user.target.wants/networkd-dispatcher.service → /lib/systemd/system/networkd-dispatcher.service.
Setting up ssh (1:8.9p1-3ubuntu0.1) ...
Processing triggers for libc-bin (2.35-0ubuntu3.1) ...
Processing triggers for ca-certificates (20211016ubuntu0.22.04.1) ...
Updating certificates in /etc/ssl/certs...
0 added, 0 removed; done.
Running hooks in /etc/ca-certificates/update.d...
done.
root@6e47141a85ff:/# ssh-keygen -t rsa
Generating public/private rsa key pair.
Enter file in which to save the key (/root/.ssh/id_rsa): cat ~/.ssh/id_rsa.pub >> ~/.ssh/authorized_keys
Enter passphrase (empty for no passphrase): 
Enter same passphrase again: 
Saving key "cat ~/.ssh/id_rsa.pub >> ~/.ssh/authorized_keys" failed: No such file or directory
root@6e47141a85ff:/# ssh-keygen -t rsa
Generating public/private rsa key pair.
Enter file in which to save the key (/root/.ssh/id_rsa): /.ssh/id_rsa.pub
Enter passphrase (empty for no passphrase): 
Enter same passphrase again: 
Saving key "/.ssh/id_rsa.pub" failed: No such file or directory
root@6e47141a85ff:/# ssh-keygen -t rsa
Generating public/private rsa key pair.
Enter file in which to save the key (/root/.ssh/id_rsa): 
Created directory '/root/.ssh'.
Enter passphrase (empty for no passphrase): 
Enter same passphrase again: 
Your identification has been saved in /root/.ssh/id_rsa
Your public key has been saved in /root/.ssh/id_rsa.pub
The key fingerprint is:
SHA256:XAM1065FH599k6AFycjSOtQjpvcjN+nfGbKoayAZBDM root@6e47141a85ff
The key's randomart image is:
+---[RSA 3072]----+
| E.     =.*oo    |
|  o.   = B =oo.  |
|  .   + + +oo..o+|
|   . . = . oo .++|
|    o . S .o    o|
|   o . . *.      |
|    . . + o. .   |
|       . .. + o  |
|      .oo..o o   |
+----[SHA256]-----+
root@6e47141a85ff:/# cat ~/.ssh/id_rsa.pub >> ~/.ssh/authorized_keys
root@6e47141a85ff:/# chmod 0600 ~/.ssh/authorized_keys
root@6e47141a85ff:/# java -version
bash: java: command not found
root@6e47141a85ff:/# sudo apt-get install default-jdk
bash: sudo: command not found
root@6e47141a85ff:/# apt-get install default-jdk
Reading package lists... Done
Building dependency tree... Done
Reading state information... Done
The following additional packages will be installed:
  alsa-topology-conf alsa-ucm-conf at-spi2-core ca-certificates-java dbus-user-session
  dconf-gsettings-backend dconf-service default-jdk-headless default-jre default-jre-headless
  fontconfig-config fonts-dejavu-core fonts-dejavu-extra gsettings-desktop-schemas java-common
  libasound2 libasound2-data libatk-bridge2.0-0 libatk-wrapper-java libatk-wrapper-java-jni
  libatk1.0-0 libatk1.0-data libatspi2.0-0 libavahi-client3 libavahi-common-data
  libavahi-common3 libbrotli1 libcups2 libdconf1 libdrm-amdgpu1 libdrm-common libdrm-intel1
  libdrm-nouveau2 libdrm-radeon1 libdrm2 libelf1 libfontconfig1 libfontenc1 libfreetype6
  libgif7 libgl1 libgl1-amber-dri libgl1-mesa-dri libglapi-mesa libglvnd0 libglx-mesa0 libglx0
  libgraphite2-3 libharfbuzz0b libice-dev libice6 libjpeg-turbo8 libjpeg8 liblcms2-2 libllvm15
  libnspr4 libnss3 libpciaccess0 libpcsclite1 libpng16-16 libpthread-stubs0-dev
  libsensors-config libsensors5 libsm-dev libsm6 libx11-dev libx11-xcb1 libxau-dev libxaw7
  libxcb-dri2-0 libxcb-dri3-0 libxcb-glx0 libxcb-present0 libxcb-shape0 libxcb-shm0
  libxcb-sync1 libxcb-xfixes0 libxcb1-dev libxcomposite1 libxdmcp-dev libxfixes3 libxft2
  libxi6 libxinerama1 libxkbfile1 libxmu6 libxpm4 libxrandr2 libxrender1 libxshmfence1
  libxt-dev libxt6 libxtst6 libxv1 libxxf86dga1 libxxf86vm1 openjdk-11-jdk
  openjdk-11-jdk-headless openjdk-11-jre openjdk-11-jre-headless session-migration x11-common
  x11-utils x11proto-dev xorg-sgml-doctools xtrans-dev
Suggested packages:
  libasound2-plugins alsa-utils cups-common libice-doc liblcms2-utils pciutils pcscd
  lm-sensors libsm-doc libx11-doc libxcb-doc libxt-doc openjdk-11-demo openjdk-11-source
  visualvm libnss-mdns fonts-ipafont-gothic fonts-ipafont-mincho fonts-wqy-microhei
  | fonts-wqy-zenhei fonts-indic mesa-utils
The following NEW packages will be installed:
  alsa-topology-conf alsa-ucm-conf at-spi2-core ca-certificates-java dbus-user-session
  dconf-gsettings-backend dconf-service default-jdk default-jdk-headless default-jre
  default-jre-headless fontconfig-config fonts-dejavu-core fonts-dejavu-extra
  gsettings-desktop-schemas java-common libasound2 libasound2-data libatk-bridge2.0-0
  libatk-wrapper-java libatk-wrapper-java-jni libatk1.0-0 libatk1.0-data libatspi2.0-0
  libavahi-client3 libavahi-common-data libavahi-common3 libbrotli1 libcups2 libdconf1
  libdrm-amdgpu1 libdrm-common libdrm-intel1 libdrm-nouveau2 libdrm-radeon1 libdrm2 libelf1
  libfontconfig1 libfontenc1 libfreetype6 libgif7 libgl1 libgl1-amber-dri libgl1-mesa-dri
  libglapi-mesa libglvnd0 libglx-mesa0 libglx0 libgraphite2-3 libharfbuzz0b libice-dev libice6
  libjpeg-turbo8 libjpeg8 liblcms2-2 libllvm15 libnspr4 libnss3 libpciaccess0 libpcsclite1
  libpng16-16 libpthread-stubs0-dev libsensors-config libsensors5 libsm-dev libsm6 libx11-dev
  libx11-xcb1 libxau-dev libxaw7 libxcb-dri2-0 libxcb-dri3-0 libxcb-glx0 libxcb-present0
  libxcb-shape0 libxcb-shm0 libxcb-sync1 libxcb-xfixes0 libxcb1-dev libxcomposite1
  libxdmcp-dev libxfixes3 libxft2 libxi6 libxinerama1 libxkbfile1 libxmu6 libxpm4 libxrandr2
  libxrender1 libxshmfence1 libxt-dev libxt6 libxtst6 libxv1 libxxf86dga1 libxxf86vm1
  openjdk-11-jdk openjdk-11-jdk-headless openjdk-11-jre openjdk-11-jre-headless
  session-migration x11-common x11-utils x11proto-dev xorg-sgml-doctools xtrans-dev
0 upgraded, 107 newly installed, 0 to remove and 4 not upgraded.
Need to get 306 MB of archives.
After this operation, 597 MB of additional disk space will be used.
Do you want to continue? [Y/n] Y
Get:1 http://archive.ubuntu.com/ubuntu jammy/main amd64 libelf1 amd64 0.186-1build1 [51.0 kB]
Get:2 http://archive.ubuntu.com/ubuntu jammy-updates/main amd64 libdrm-common all 2.4.113-2~ubuntu0.22.04.1 [5450 B]
Get:3 http://archive.ubuntu.com/ubuntu jammy-updates/main amd64 libdrm2 amd64 2.4.113-2~ubuntu0.22.04.1 [38.1 kB]
Get:4 http://archive.ubuntu.com/ubuntu jammy/main amd64 libpng16-16 amd64 1.6.37-3build5 [191 kB]
Get:5 http://archive.ubuntu.com/ubuntu jammy/main amd64 alsa-topology-conf all 1.2.5.1-2 [15.5 kB]
Get:6 http://archive.ubuntu.com/ubuntu jammy/main amd64 libasound2-data all 1.2.6.1-1ubuntu1 [19.1 kB]
Get:7 http://archive.ubuntu.com/ubuntu jammy/main amd64 libasound2 amd64 1.2.6.1-1ubuntu1 [390 kB]
Get:8 http://archive.ubuntu.com/ubuntu jammy-updates/main amd64 alsa-ucm-conf all 1.2.6.3-1ubuntu1.5 [41.7 kB]
Get:9 http://archive.ubuntu.com/ubuntu jammy/main amd64 libxi6 amd64 2:1.8-1build1 [32.6 kB]
Get:10 http://archive.ubuntu.com/ubuntu jammy/main amd64 libatspi2.0-0 amd64 2.44.0-3 [80.9 kB]
Get:11 http://archive.ubuntu.com/ubuntu jammy/main amd64 x11-common all 1:7.7+23ubuntu2 [23.4 kB]
Get:12 http://archive.ubuntu.com/ubuntu jammy/main amd64 libxtst6 amd64 2:1.2.3-1build4 [13.4 kB]
Get:13 http://archive.ubuntu.com/ubuntu jammy-updates/main amd64 dbus-user-session amd64 1.12.20-2ubuntu4.1 [9442 B]
Get:14 http://archive.ubuntu.com/ubuntu jammy/main amd64 libdconf1 amd64 0.40.0-3 [40.5 kB]
Get:15 http://archive.ubuntu.com/ubuntu jammy/main amd64 dconf-service amd64 0.40.0-3 [28.5 kB]
Get:16 http://archive.ubuntu.com/ubuntu jammy/main amd64 dconf-gsettings-backend amd64 0.40.0-3 [22.8 kB]
Get:17 http://archive.ubuntu.com/ubuntu jammy/main amd64 session-migration amd64 0.3.6 [9774 B]
Get:18 http://archive.ubuntu.com/ubuntu jammy/main amd64 gsettings-desktop-schemas all 42.0-1ubuntu1 [31.1 kB]
Get:19 http://archive.ubuntu.com/ubuntu jammy/main amd64 at-spi2-core amd64 2.44.0-3 [54.4 kB]
Get:20 http://archive.ubuntu.com/ubuntu jammy/main amd64 java-common all 0.72build2 [6782 B]
Get:21 http://archive.ubuntu.com/ubuntu jammy/main amd64 libavahi-common-data amd64 0.8-5ubuntu5 [23.9 kB]
Get:22 http://archive.ubuntu.com/ubuntu jammy/main amd64 libavahi-common3 amd64 0.8-5ubuntu5 [23.7 kB]
Get:23 http://archive.ubuntu.com/ubuntu jammy/main amd64 libavahi-client3 amd64 0.8-5ubuntu5 [28.1 kB]
Get:24 http://archive.ubuntu.com/ubuntu jammy-updates/main amd64 libcups2 amd64 2.4.1op1-1ubuntu4.1 [264 kB]
Get:25 http://archive.ubuntu.com/ubuntu jammy/main amd64 liblcms2-2 amd64 2.12~rc1-2build2 [159 kB]
Get:26 http://archive.ubuntu.com/ubuntu jammy/main amd64 libjpeg-turbo8 amd64 2.1.2-0ubuntu1 [134 kB]
Get:27 http://archive.ubuntu.com/ubuntu jammy/main amd64 libjpeg8 amd64 8c-2ubuntu10 [2264 B]
Get:28 http://archive.ubuntu.com/ubuntu jammy/main amd64 libbrotli1 amd64 1.0.9-2build6 [315 kB]
Get:29 http://archive.ubuntu.com/ubuntu jammy-updates/main amd64 libfreetype6 amd64 2.11.1+dfsg-1ubuntu0.1 [389 kB]
Get:30 http://archive.ubuntu.com/ubuntu jammy/main amd64 fonts-dejavu-core all 2.37-2build1 [1041 kB]
Get:31 http://archive.ubuntu.com/ubuntu jammy/main amd64 fontconfig-config all 2.13.1-4.2ubuntu5 [29.1 kB]
Get:32 http://archive.ubuntu.com/ubuntu jammy/main amd64 libfontconfig1 amd64 2.13.1-4.2ubuntu5 [131 kB]
Get:33 http://archive.ubuntu.com/ubuntu jammy/main amd64 libnspr4 amd64 2:4.32-3build1 [119 kB]
Get:34 http://archive.ubuntu.com/ubuntu jammy-updates/main amd64 libnss3 amd64 2:3.68.2-0ubuntu1.2 [1280 kB]
Get:35 http://archive.ubuntu.com/ubuntu jammy/main amd64 libgraphite2-3 amd64 1.3.14-1build2 [71.3 kB]
Get:36 http://archive.ubuntu.com/ubuntu jammy-updates/main amd64 libharfbuzz0b amd64 2.7.4-1ubuntu3.1 [352 kB]
Get:37 http://archive.ubuntu.com/ubuntu jammy/main amd64 libpcsclite1 amd64 1.9.5-3 [19.9 kB]  
Get:38 http://archive.ubuntu.com/ubuntu jammy-updates/main amd64 openjdk-11-jre-headless amd64 11.0.18+10-0ubuntu1~22.04 [41.6 MB]
Get:39 http://archive.ubuntu.com/ubuntu jammy/main amd64 default-jre-headless amd64 2:1.11-72build2 [3042 B]
Get:40 http://archive.ubuntu.com/ubuntu jammy-updates/main amd64 ca-certificates-java all 20190909ubuntu1.1 [12.0 kB]
Get:41 http://archive.ubuntu.com/ubuntu jammy/main amd64 libglvnd0 amd64 1.4.0-1 [73.6 kB]     
Get:42 http://archive.ubuntu.com/ubuntu jammy-updates/main amd64 libglapi-mesa amd64 22.2.5-0ubuntu0.1~22.04.1 [35.3 kB]
Get:43 http://archive.ubuntu.com/ubuntu jammy/main amd64 libx11-xcb1 amd64 2:1.7.5-1 [7790 B]  
Get:44 http://archive.ubuntu.com/ubuntu jammy/main amd64 libxcb-dri2-0 amd64 1.14-3ubuntu3 [7206 B]
Get:45 http://archive.ubuntu.com/ubuntu jammy/main amd64 libxcb-dri3-0 amd64 1.14-3ubuntu3 [6968 B]
Get:46 http://archive.ubuntu.com/ubuntu jammy/main amd64 libxcb-glx0 amd64 1.14-3ubuntu3 [25.9 kB]
Get:47 http://archive.ubuntu.com/ubuntu jammy/main amd64 libxcb-present0 amd64 1.14-3ubuntu3 [5734 B]
Get:48 http://archive.ubuntu.com/ubuntu jammy/main amd64 libxcb-shm0 amd64 1.14-3ubuntu3 [5780 B]
Get:49 http://archive.ubuntu.com/ubuntu jammy/main amd64 libxcb-sync1 amd64 1.14-3ubuntu3 [9416 B]
Get:50 http://archive.ubuntu.com/ubuntu jammy/main amd64 libxcb-xfixes0 amd64 1.14-3ubuntu3 [9996 B]
Get:51 http://archive.ubuntu.com/ubuntu jammy/main amd64 libxfixes3 amd64 1:6.0.0-1 [11.7 kB]  
Get:52 http://archive.ubuntu.com/ubuntu jammy/main amd64 libxshmfence1 amd64 1.3-1build4 [5394 B]
Get:53 http://archive.ubuntu.com/ubuntu jammy/main amd64 libxxf86vm1 amd64 1:1.1.4-1build3 [10.4 kB]
Get:54 http://archive.ubuntu.com/ubuntu jammy-updates/main amd64 libdrm-amdgpu1 amd64 2.4.113-2~ubuntu0.22.04.1 [19.9 kB]
Get:55 http://archive.ubuntu.com/ubuntu jammy-updates/main amd64 libdrm-nouveau2 amd64 2.4.113-2~ubuntu0.22.04.1 [17.5 kB]
Get:56 http://archive.ubuntu.com/ubuntu jammy-updates/main amd64 libdrm-radeon1 amd64 2.4.113-2~ubuntu0.22.04.1 [21.6 kB]
Get:57 http://archive.ubuntu.com/ubuntu jammy-updates/main amd64 libllvm15 amd64 1:15.0.7-0ubuntu0.22.04.1 [25.4 MB]
Get:58 http://archive.ubuntu.com/ubuntu jammy/main amd64 libsensors-config all 1:3.6.0-7ubuntu1 [5274 B]
Get:59 http://archive.ubuntu.com/ubuntu jammy/main amd64 libsensors5 amd64 1:3.6.0-7ubuntu1 [26.3 kB]
Get:60 http://archive.ubuntu.com/ubuntu jammy-updates/main amd64 libgl1-mesa-dri amd64 22.2.5-0ubuntu0.1~22.04.1 [7511 kB]
Get:61 http://archive.ubuntu.com/ubuntu jammy-updates/main amd64 libglx-mesa0 amd64 22.2.5-0ubuntu0.1~22.04.1 [158 kB]
Get:62 http://archive.ubuntu.com/ubuntu jammy/main amd64 libglx0 amd64 1.4.0-1 [41.0 kB]       
Get:63 http://archive.ubuntu.com/ubuntu jammy/main amd64 libgl1 amd64 1.4.0-1 [110 kB]         
Get:64 http://archive.ubuntu.com/ubuntu jammy/main amd64 libgif7 amd64 5.1.9-2build2 [33.8 kB] 
Get:65 http://archive.ubuntu.com/ubuntu jammy/main amd64 libxrender1 amd64 1:0.9.10-1build4 [19.7 kB]
Get:66 http://archive.ubuntu.com/ubuntu jammy-updates/main amd64 openjdk-11-jre amd64 11.0.18+10-0ubuntu1~22.04 [193 kB]
Get:67 http://archive.ubuntu.com/ubuntu jammy/main amd64 default-jre amd64 2:1.11-72build2 [896 B]
Get:68 http://archive.ubuntu.com/ubuntu jammy-updates/main amd64 openjdk-11-jdk-headless amd64 11.0.18+10-0ubuntu1~22.04 [214 MB]
Get:69 http://archive.ubuntu.com/ubuntu jammy/main amd64 default-jdk-headless amd64 2:1.11-72build2 [942 B]
Get:70 http://archive.ubuntu.com/ubuntu jammy-updates/main amd64 openjdk-11-jdk amd64 11.0.18+10-0ubuntu1~22.04 [1564 kB]
Get:71 http://archive.ubuntu.com/ubuntu jammy/main amd64 default-jdk amd64 2:1.11-72build2 [908 B]
Get:72 http://archive.ubuntu.com/ubuntu jammy/main amd64 fonts-dejavu-extra all 2.37-2build1 [2041 kB]
Get:73 http://archive.ubuntu.com/ubuntu jammy/main amd64 libatk1.0-data all 2.36.0-3build1 [2824 B]
Get:74 http://archive.ubuntu.com/ubuntu jammy/main amd64 libatk1.0-0 amd64 2.36.0-3build1 [51.9 kB]
Get:75 http://archive.ubuntu.com/ubuntu jammy/main amd64 libatk-bridge2.0-0 amd64 2.38.0-3 [66.6 kB]
Get:76 http://archive.ubuntu.com/ubuntu jammy/main amd64 libfontenc1 amd64 1:1.1.4-1build3 [14.7 kB]
Get:77 http://archive.ubuntu.com/ubuntu jammy/main amd64 libice6 amd64 2:1.0.10-1build2 [42.6 kB]
Get:78 http://archive.ubuntu.com/ubuntu jammy/main amd64 libsm6 amd64 2:1.2.3-1build2 [16.7 kB]
Get:79 http://archive.ubuntu.com/ubuntu jammy/main amd64 libxt6 amd64 1:1.2.1-1 [177 kB]       
Get:80 http://archive.ubuntu.com/ubuntu jammy/main amd64 libxmu6 amd64 2:1.1.3-3 [49.6 kB]     
Get:81 http://archive.ubuntu.com/ubuntu jammy-updates/main amd64 libxpm4 amd64 1:3.5.12-1ubuntu0.22.04.1 [36.4 kB]
Get:82 http://archive.ubuntu.com/ubuntu jammy/main amd64 libxaw7 amd64 2:1.0.14-1 [191 kB]     
Get:83 http://archive.ubuntu.com/ubuntu jammy/main amd64 libxcb-shape0 amd64 1.14-3ubuntu3 [6158 B]
Get:84 http://archive.ubuntu.com/ubuntu jammy/main amd64 libxcomposite1 amd64 1:0.4.5-1build2 [7192 B]
Get:85 http://archive.ubuntu.com/ubuntu jammy/main amd64 libxft2 amd64 2.3.4-1 [41.8 kB]       
Get:86 http://archive.ubuntu.com/ubuntu jammy/main amd64 libxinerama1 amd64 2:1.1.4-3 [7382 B] 
Get:87 http://archive.ubuntu.com/ubuntu jammy/main amd64 libxkbfile1 amd64 1:1.1.0-1build3 [71.8 kB]
Get:88 http://archive.ubuntu.com/ubuntu jammy/main amd64 libxrandr2 amd64 2:1.5.2-1build1 [20.4 kB]
Get:89 http://archive.ubuntu.com/ubuntu jammy/main amd64 libxv1 amd64 2:1.0.11-1build2 [11.2 kB]
Get:90 http://archive.ubuntu.com/ubuntu jammy/main amd64 libxxf86dga1 amd64 2:1.1.5-0ubuntu3 [12.6 kB]
Get:91 http://archive.ubuntu.com/ubuntu jammy/main amd64 x11-utils amd64 7.7+5build2 [206 kB]  
Get:92 http://archive.ubuntu.com/ubuntu jammy/main amd64 libatk-wrapper-java all 0.38.0-5build1 [53.1 kB]
Get:93 http://archive.ubuntu.com/ubuntu jammy/main amd64 libatk-wrapper-java-jni amd64 0.38.0-5build1 [49.0 kB]
Get:94 http://archive.ubuntu.com/ubuntu jammy/main amd64 libpciaccess0 amd64 0.16-3 [19.1 kB]  
Get:95 http://archive.ubuntu.com/ubuntu jammy-updates/main amd64 libdrm-intel1 amd64 2.4.113-2~ubuntu0.22.04.1 [66.7 kB]
Get:96 http://archive.ubuntu.com/ubuntu jammy/main amd64 libgl1-amber-dri amd64 21.3.7-0ubuntu1 [4433 kB]
Get:97 http://archive.ubuntu.com/ubuntu jammy/main amd64 xorg-sgml-doctools all 1:1.11-1.1 [10.9 kB]
Get:98 http://archive.ubuntu.com/ubuntu jammy/main amd64 x11proto-dev all 2021.5-1 [604 kB]    
Get:99 http://archive.ubuntu.com/ubuntu jammy/main amd64 libice-dev amd64 2:1.0.10-1build2 [51.4 kB]
Get:100 http://archive.ubuntu.com/ubuntu jammy/main amd64 libpthread-stubs0-dev amd64 0.4-1build2 [5516 B]
Get:101 http://archive.ubuntu.com/ubuntu jammy/main amd64 libsm-dev amd64 2:1.2.3-1build2 [18.1 kB]
Get:102 http://archive.ubuntu.com/ubuntu jammy/main amd64 libxau-dev amd64 1:1.0.9-1build5 [9724 B]
Get:103 http://archive.ubuntu.com/ubuntu jammy/main amd64 libxdmcp-dev amd64 1:1.1.3-0ubuntu5 [26.5 kB]
Get:104 http://archive.ubuntu.com/ubuntu jammy/main amd64 xtrans-dev all 1.4.0-1 [68.9 kB]     
Get:105 http://archive.ubuntu.com/ubuntu jammy/main amd64 libxcb1-dev amd64 1.14-3ubuntu3 [86.5 kB]
Get:106 http://archive.ubuntu.com/ubuntu jammy/main amd64 libx11-dev amd64 2:1.7.5-1 [744 kB]  
Get:107 http://archive.ubuntu.com/ubuntu jammy/main amd64 libxt-dev amd64 1:1.2.1-1 [396 kB]   
Fetched 306 MB in 3min 11s (1607 kB/s)                                                         
debconf: delaying package configuration, since apt-utils is not installed
Selecting previously unselected package libelf1:amd64.
(Reading database ... 10363 files and directories currently installed.)
Preparing to unpack .../000-libelf1_0.186-1build1_amd64.deb ...
Unpacking libelf1:amd64 (0.186-1build1) ...
Selecting previously unselected package libdrm-common.
Preparing to unpack .../001-libdrm-common_2.4.113-2~ubuntu0.22.04.1_all.deb ...
Unpacking libdrm-common (2.4.113-2~ubuntu0.22.04.1) ...
Selecting previously unselected package libdrm2:amd64.
Preparing to unpack .../002-libdrm2_2.4.113-2~ubuntu0.22.04.1_amd64.deb ...
Unpacking libdrm2:amd64 (2.4.113-2~ubuntu0.22.04.1) ...
Selecting previously unselected package libpng16-16:amd64.
Preparing to unpack .../003-libpng16-16_1.6.37-3build5_amd64.deb ...
Unpacking libpng16-16:amd64 (1.6.37-3build5) ...
Selecting previously unselected package alsa-topology-conf.
Preparing to unpack .../004-alsa-topology-conf_1.2.5.1-2_all.deb ...
Unpacking alsa-topology-conf (1.2.5.1-2) ...
Selecting previously unselected package libasound2-data.
Preparing to unpack .../005-libasound2-data_1.2.6.1-1ubuntu1_all.deb ...
Unpacking libasound2-data (1.2.6.1-1ubuntu1) ...
Selecting previously unselected package libasound2:amd64.
Preparing to unpack .../006-libasound2_1.2.6.1-1ubuntu1_amd64.deb ...
Unpacking libasound2:amd64 (1.2.6.1-1ubuntu1) ...
Selecting previously unselected package alsa-ucm-conf.
Preparing to unpack .../007-alsa-ucm-conf_1.2.6.3-1ubuntu1.5_all.deb ...
Unpacking alsa-ucm-conf (1.2.6.3-1ubuntu1.5) ...
Selecting previously unselected package libxi6:amd64.
Preparing to unpack .../008-libxi6_2%3a1.8-1build1_amd64.deb ...
Unpacking libxi6:amd64 (2:1.8-1build1) ...
Selecting previously unselected package libatspi2.0-0:amd64.
Preparing to unpack .../009-libatspi2.0-0_2.44.0-3_amd64.deb ...
Unpacking libatspi2.0-0:amd64 (2.44.0-3) ...
Selecting previously unselected package x11-common.
Preparing to unpack .../010-x11-common_1%3a7.7+23ubuntu2_all.deb ...
Unpacking x11-common (1:7.7+23ubuntu2) ...
Selecting previously unselected package libxtst6:amd64.
Preparing to unpack .../011-libxtst6_2%3a1.2.3-1build4_amd64.deb ...
Unpacking libxtst6:amd64 (2:1.2.3-1build4) ...
Selecting previously unselected package dbus-user-session.
Preparing to unpack .../012-dbus-user-session_1.12.20-2ubuntu4.1_amd64.deb ...
Unpacking dbus-user-session (1.12.20-2ubuntu4.1) ...
Selecting previously unselected package libdconf1:amd64.
Preparing to unpack .../013-libdconf1_0.40.0-3_amd64.deb ...
Unpacking libdconf1:amd64 (0.40.0-3) ...
Selecting previously unselected package dconf-service.
Preparing to unpack .../014-dconf-service_0.40.0-3_amd64.deb ...
Unpacking dconf-service (0.40.0-3) ...
Selecting previously unselected package dconf-gsettings-backend:amd64.
Preparing to unpack .../015-dconf-gsettings-backend_0.40.0-3_amd64.deb ...
Unpacking dconf-gsettings-backend:amd64 (0.40.0-3) ...
Selecting previously unselected package session-migration.
Preparing to unpack .../016-session-migration_0.3.6_amd64.deb ...
Unpacking session-migration (0.3.6) ...
Selecting previously unselected package gsettings-desktop-schemas.
Preparing to unpack .../017-gsettings-desktop-schemas_42.0-1ubuntu1_all.deb ...
Unpacking gsettings-desktop-schemas (42.0-1ubuntu1) ...
Selecting previously unselected package at-spi2-core.
Preparing to unpack .../018-at-spi2-core_2.44.0-3_amd64.deb ...
Unpacking at-spi2-core (2.44.0-3) ...
Selecting previously unselected package java-common.
Preparing to unpack .../019-java-common_0.72build2_all.deb ...
Unpacking java-common (0.72build2) ...
Selecting previously unselected package libavahi-common-data:amd64.
Preparing to unpack .../020-libavahi-common-data_0.8-5ubuntu5_amd64.deb ...
Unpacking libavahi-common-data:amd64 (0.8-5ubuntu5) ...
Selecting previously unselected package libavahi-common3:amd64.
Preparing to unpack .../021-libavahi-common3_0.8-5ubuntu5_amd64.deb ...
Unpacking libavahi-common3:amd64 (0.8-5ubuntu5) ...
Selecting previously unselected package libavahi-client3:amd64.
Preparing to unpack .../022-libavahi-client3_0.8-5ubuntu5_amd64.deb ...
Unpacking libavahi-client3:amd64 (0.8-5ubuntu5) ...
Selecting previously unselected package libcups2:amd64.
Preparing to unpack .../023-libcups2_2.4.1op1-1ubuntu4.1_amd64.deb ...
Unpacking libcups2:amd64 (2.4.1op1-1ubuntu4.1) ...
Selecting previously unselected package liblcms2-2:amd64.
Preparing to unpack .../024-liblcms2-2_2.12~rc1-2build2_amd64.deb ...
Unpacking liblcms2-2:amd64 (2.12~rc1-2build2) ...
Selecting previously unselected package libjpeg-turbo8:amd64.
Preparing to unpack .../025-libjpeg-turbo8_2.1.2-0ubuntu1_amd64.deb ...
Unpacking libjpeg-turbo8:amd64 (2.1.2-0ubuntu1) ...
Selecting previously unselected package libjpeg8:amd64.
Preparing to unpack .../026-libjpeg8_8c-2ubuntu10_amd64.deb ...
Unpacking libjpeg8:amd64 (8c-2ubuntu10) ...
Selecting previously unselected package libbrotli1:amd64.
Preparing to unpack .../027-libbrotli1_1.0.9-2build6_amd64.deb ...
Unpacking libbrotli1:amd64 (1.0.9-2build6) ...
Selecting previously unselected package libfreetype6:amd64.
Preparing to unpack .../028-libfreetype6_2.11.1+dfsg-1ubuntu0.1_amd64.deb ...
Unpacking libfreetype6:amd64 (2.11.1+dfsg-1ubuntu0.1) ...
Selecting previously unselected package fonts-dejavu-core.
Preparing to unpack .../029-fonts-dejavu-core_2.37-2build1_all.deb ...
Unpacking fonts-dejavu-core (2.37-2build1) ...
Selecting previously unselected package fontconfig-config.
Preparing to unpack .../030-fontconfig-config_2.13.1-4.2ubuntu5_all.deb ...
Unpacking fontconfig-config (2.13.1-4.2ubuntu5) ...
Selecting previously unselected package libfontconfig1:amd64.
Preparing to unpack .../031-libfontconfig1_2.13.1-4.2ubuntu5_amd64.deb ...
Unpacking libfontconfig1:amd64 (2.13.1-4.2ubuntu5) ...
Selecting previously unselected package libnspr4:amd64.
Preparing to unpack .../032-libnspr4_2%3a4.32-3build1_amd64.deb ...
Unpacking libnspr4:amd64 (2:4.32-3build1) ...
Selecting previously unselected package libnss3:amd64.
Preparing to unpack .../033-libnss3_2%3a3.68.2-0ubuntu1.2_amd64.deb ...
Unpacking libnss3:amd64 (2:3.68.2-0ubuntu1.2) ...
Selecting previously unselected package libgraphite2-3:amd64.
Preparing to unpack .../034-libgraphite2-3_1.3.14-1build2_amd64.deb ...
Unpacking libgraphite2-3:amd64 (1.3.14-1build2) ...
Selecting previously unselected package libharfbuzz0b:amd64.
Preparing to unpack .../035-libharfbuzz0b_2.7.4-1ubuntu3.1_amd64.deb ...
Unpacking libharfbuzz0b:amd64 (2.7.4-1ubuntu3.1) ...
Selecting previously unselected package libpcsclite1:amd64.
Preparing to unpack .../036-libpcsclite1_1.9.5-3_amd64.deb ...
Unpacking libpcsclite1:amd64 (1.9.5-3) ...
Selecting previously unselected package openjdk-11-jre-headless:amd64.
Preparing to unpack .../037-openjdk-11-jre-headless_11.0.18+10-0ubuntu1~22.04_amd64.deb ...
Unpacking openjdk-11-jre-headless:amd64 (11.0.18+10-0ubuntu1~22.04) ...
Selecting previously unselected package default-jre-headless.
Preparing to unpack .../038-default-jre-headless_2%3a1.11-72build2_amd64.deb ...
Unpacking default-jre-headless (2:1.11-72build2) ...
Selecting previously unselected package ca-certificates-java.
Preparing to unpack .../039-ca-certificates-java_20190909ubuntu1.1_all.deb ...
Unpacking ca-certificates-java (20190909ubuntu1.1) ...
Selecting previously unselected package libglvnd0:amd64.
Preparing to unpack .../040-libglvnd0_1.4.0-1_amd64.deb ...
Unpacking libglvnd0:amd64 (1.4.0-1) ...
Selecting previously unselected package libglapi-mesa:amd64.
Preparing to unpack .../041-libglapi-mesa_22.2.5-0ubuntu0.1~22.04.1_amd64.deb ...
Unpacking libglapi-mesa:amd64 (22.2.5-0ubuntu0.1~22.04.1) ...
Selecting previously unselected package libx11-xcb1:amd64.
Preparing to unpack .../042-libx11-xcb1_2%3a1.7.5-1_amd64.deb ...
Unpacking libx11-xcb1:amd64 (2:1.7.5-1) ...
Selecting previously unselected package libxcb-dri2-0:amd64.
Preparing to unpack .../043-libxcb-dri2-0_1.14-3ubuntu3_amd64.deb ...
Unpacking libxcb-dri2-0:amd64 (1.14-3ubuntu3) ...
Selecting previously unselected package libxcb-dri3-0:amd64.
Preparing to unpack .../044-libxcb-dri3-0_1.14-3ubuntu3_amd64.deb ...
Unpacking libxcb-dri3-0:amd64 (1.14-3ubuntu3) ...
Selecting previously unselected package libxcb-glx0:amd64.
Preparing to unpack .../045-libxcb-glx0_1.14-3ubuntu3_amd64.deb ...
Unpacking libxcb-glx0:amd64 (1.14-3ubuntu3) ...
Selecting previously unselected package libxcb-present0:amd64.
Preparing to unpack .../046-libxcb-present0_1.14-3ubuntu3_amd64.deb ...
Unpacking libxcb-present0:amd64 (1.14-3ubuntu3) ...
Selecting previously unselected package libxcb-shm0:amd64.
Preparing to unpack .../047-libxcb-shm0_1.14-3ubuntu3_amd64.deb ...
Unpacking libxcb-shm0:amd64 (1.14-3ubuntu3) ...
Selecting previously unselected package libxcb-sync1:amd64.
Preparing to unpack .../048-libxcb-sync1_1.14-3ubuntu3_amd64.deb ...
Unpacking libxcb-sync1:amd64 (1.14-3ubuntu3) ...
Selecting previously unselected package libxcb-xfixes0:amd64.
Preparing to unpack .../049-libxcb-xfixes0_1.14-3ubuntu3_amd64.deb ...
Unpacking libxcb-xfixes0:amd64 (1.14-3ubuntu3) ...
Selecting previously unselected package libxfixes3:amd64.
Preparing to unpack .../050-libxfixes3_1%3a6.0.0-1_amd64.deb ...
Unpacking libxfixes3:amd64 (1:6.0.0-1) ...
Selecting previously unselected package libxshmfence1:amd64.
Preparing to unpack .../051-libxshmfence1_1.3-1build4_amd64.deb ...
Unpacking libxshmfence1:amd64 (1.3-1build4) ...
Selecting previously unselected package libxxf86vm1:amd64.
Preparing to unpack .../052-libxxf86vm1_1%3a1.1.4-1build3_amd64.deb ...
Unpacking libxxf86vm1:amd64 (1:1.1.4-1build3) ...
Selecting previously unselected package libdrm-amdgpu1:amd64.
Preparing to unpack .../053-libdrm-amdgpu1_2.4.113-2~ubuntu0.22.04.1_amd64.deb ...
Unpacking libdrm-amdgpu1:amd64 (2.4.113-2~ubuntu0.22.04.1) ...
Selecting previously unselected package libdrm-nouveau2:amd64.
Preparing to unpack .../054-libdrm-nouveau2_2.4.113-2~ubuntu0.22.04.1_amd64.deb ...
Unpacking libdrm-nouveau2:amd64 (2.4.113-2~ubuntu0.22.04.1) ...
Selecting previously unselected package libdrm-radeon1:amd64.
Preparing to unpack .../055-libdrm-radeon1_2.4.113-2~ubuntu0.22.04.1_amd64.deb ...
Unpacking libdrm-radeon1:amd64 (2.4.113-2~ubuntu0.22.04.1) ...
Selecting previously unselected package libllvm15:amd64.
Preparing to unpack .../056-libllvm15_1%3a15.0.7-0ubuntu0.22.04.1_amd64.deb ...
Unpacking libllvm15:amd64 (1:15.0.7-0ubuntu0.22.04.1) ...
Selecting previously unselected package libsensors-config.
Preparing to unpack .../057-libsensors-config_1%3a3.6.0-7ubuntu1_all.deb ...
Unpacking libsensors-config (1:3.6.0-7ubuntu1) ...
Selecting previously unselected package libsensors5:amd64.
Preparing to unpack .../058-libsensors5_1%3a3.6.0-7ubuntu1_amd64.deb ...
Unpacking libsensors5:amd64 (1:3.6.0-7ubuntu1) ...
Selecting previously unselected package libgl1-mesa-dri:amd64.
Preparing to unpack .../059-libgl1-mesa-dri_22.2.5-0ubuntu0.1~22.04.1_amd64.deb ...
Unpacking libgl1-mesa-dri:amd64 (22.2.5-0ubuntu0.1~22.04.1) ...
Selecting previously unselected package libglx-mesa0:amd64.
Preparing to unpack .../060-libglx-mesa0_22.2.5-0ubuntu0.1~22.04.1_amd64.deb ...
Unpacking libglx-mesa0:amd64 (22.2.5-0ubuntu0.1~22.04.1) ...
Selecting previously unselected package libglx0:amd64.
Preparing to unpack .../061-libglx0_1.4.0-1_amd64.deb ...
Unpacking libglx0:amd64 (1.4.0-1) ...
Selecting previously unselected package libgl1:amd64.
Preparing to unpack .../062-libgl1_1.4.0-1_amd64.deb ...
Unpacking libgl1:amd64 (1.4.0-1) ...
Selecting previously unselected package libgif7:amd64.
Preparing to unpack .../063-libgif7_5.1.9-2build2_amd64.deb ...
Unpacking libgif7:amd64 (5.1.9-2build2) ...
Selecting previously unselected package libxrender1:amd64.
Preparing to unpack .../064-libxrender1_1%3a0.9.10-1build4_amd64.deb ...
Unpacking libxrender1:amd64 (1:0.9.10-1build4) ...
Selecting previously unselected package openjdk-11-jre:amd64.
Preparing to unpack .../065-openjdk-11-jre_11.0.18+10-0ubuntu1~22.04_amd64.deb ...
Unpacking openjdk-11-jre:amd64 (11.0.18+10-0ubuntu1~22.04) ...
Selecting previously unselected package default-jre.
Preparing to unpack .../066-default-jre_2%3a1.11-72build2_amd64.deb ...
Unpacking default-jre (2:1.11-72build2) ...
Selecting previously unselected package openjdk-11-jdk-headless:amd64.
Preparing to unpack .../067-openjdk-11-jdk-headless_11.0.18+10-0ubuntu1~22.04_amd64.deb ...
Unpacking openjdk-11-jdk-headless:amd64 (11.0.18+10-0ubuntu1~22.04) ...
Selecting previously unselected package default-jdk-headless.
Preparing to unpack .../068-default-jdk-headless_2%3a1.11-72build2_amd64.deb ...
Unpacking default-jdk-headless (2:1.11-72build2) ...
Selecting previously unselected package openjdk-11-jdk:amd64.
Preparing to unpack .../069-openjdk-11-jdk_11.0.18+10-0ubuntu1~22.04_amd64.deb ...
Unpacking openjdk-11-jdk:amd64 (11.0.18+10-0ubuntu1~22.04) ...
Selecting previously unselected package default-jdk.
Preparing to unpack .../070-default-jdk_2%3a1.11-72build2_amd64.deb ...
Unpacking default-jdk (2:1.11-72build2) ...
Selecting previously unselected package fonts-dejavu-extra.
Preparing to unpack .../071-fonts-dejavu-extra_2.37-2build1_all.deb ...
Unpacking fonts-dejavu-extra (2.37-2build1) ...
Selecting previously unselected package libatk1.0-data.
Preparing to unpack .../072-libatk1.0-data_2.36.0-3build1_all.deb ...
Unpacking libatk1.0-data (2.36.0-3build1) ...
Selecting previously unselected package libatk1.0-0:amd64.
Preparing to unpack .../073-libatk1.0-0_2.36.0-3build1_amd64.deb ...
Unpacking libatk1.0-0:amd64 (2.36.0-3build1) ...
Selecting previously unselected package libatk-bridge2.0-0:amd64.
Preparing to unpack .../074-libatk-bridge2.0-0_2.38.0-3_amd64.deb ...
Unpacking libatk-bridge2.0-0:amd64 (2.38.0-3) ...
Selecting previously unselected package libfontenc1:amd64.
Preparing to unpack .../075-libfontenc1_1%3a1.1.4-1build3_amd64.deb ...
Unpacking libfontenc1:amd64 (1:1.1.4-1build3) ...
Selecting previously unselected package libice6:amd64.
Preparing to unpack .../076-libice6_2%3a1.0.10-1build2_amd64.deb ...
Unpacking libice6:amd64 (2:1.0.10-1build2) ...
Selecting previously unselected package libsm6:amd64.
Preparing to unpack .../077-libsm6_2%3a1.2.3-1build2_amd64.deb ...
Unpacking libsm6:amd64 (2:1.2.3-1build2) ...
Selecting previously unselected package libxt6:amd64.
Preparing to unpack .../078-libxt6_1%3a1.2.1-1_amd64.deb ...
Unpacking libxt6:amd64 (1:1.2.1-1) ...
Selecting previously unselected package libxmu6:amd64.
Preparing to unpack .../079-libxmu6_2%3a1.1.3-3_amd64.deb ...
Unpacking libxmu6:amd64 (2:1.1.3-3) ...
Selecting previously unselected package libxpm4:amd64.
Preparing to unpack .../080-libxpm4_1%3a3.5.12-1ubuntu0.22.04.1_amd64.deb ...
Unpacking libxpm4:amd64 (1:3.5.12-1ubuntu0.22.04.1) ...
Selecting previously unselected package libxaw7:amd64.
Preparing to unpack .../081-libxaw7_2%3a1.0.14-1_amd64.deb ...
Unpacking libxaw7:amd64 (2:1.0.14-1) ...
Selecting previously unselected package libxcb-shape0:amd64.
Preparing to unpack .../082-libxcb-shape0_1.14-3ubuntu3_amd64.deb ...
Unpacking libxcb-shape0:amd64 (1.14-3ubuntu3) ...
Selecting previously unselected package libxcomposite1:amd64.
Preparing to unpack .../083-libxcomposite1_1%3a0.4.5-1build2_amd64.deb ...
Unpacking libxcomposite1:amd64 (1:0.4.5-1build2) ...
Selecting previously unselected package libxft2:amd64.
Preparing to unpack .../084-libxft2_2.3.4-1_amd64.deb ...
Unpacking libxft2:amd64 (2.3.4-1) ...
Selecting previously unselected package libxinerama1:amd64.
Preparing to unpack .../085-libxinerama1_2%3a1.1.4-3_amd64.deb ...
Unpacking libxinerama1:amd64 (2:1.1.4-3) ...
Selecting previously unselected package libxkbfile1:amd64.
Preparing to unpack .../086-libxkbfile1_1%3a1.1.0-1build3_amd64.deb ...
Unpacking libxkbfile1:amd64 (1:1.1.0-1build3) ...
Selecting previously unselected package libxrandr2:amd64.
Preparing to unpack .../087-libxrandr2_2%3a1.5.2-1build1_amd64.deb ...
Unpacking libxrandr2:amd64 (2:1.5.2-1build1) ...
Selecting previously unselected package libxv1:amd64.
Preparing to unpack .../088-libxv1_2%3a1.0.11-1build2_amd64.deb ...
Unpacking libxv1:amd64 (2:1.0.11-1build2) ...
Selecting previously unselected package libxxf86dga1:amd64.
Preparing to unpack .../089-libxxf86dga1_2%3a1.1.5-0ubuntu3_amd64.deb ...
Unpacking libxxf86dga1:amd64 (2:1.1.5-0ubuntu3) ...
Selecting previously unselected package x11-utils.
Preparing to unpack .../090-x11-utils_7.7+5build2_amd64.deb ...
Unpacking x11-utils (7.7+5build2) ...
Selecting previously unselected package libatk-wrapper-java.
Preparing to unpack .../091-libatk-wrapper-java_0.38.0-5build1_all.deb ...
Unpacking libatk-wrapper-java (0.38.0-5build1) ...
Selecting previously unselected package libatk-wrapper-java-jni:amd64.
Preparing to unpack .../092-libatk-wrapper-java-jni_0.38.0-5build1_amd64.deb ...
Unpacking libatk-wrapper-java-jni:amd64 (0.38.0-5build1) ...
Selecting previously unselected package libpciaccess0:amd64.
Preparing to unpack .../093-libpciaccess0_0.16-3_amd64.deb ...
Unpacking libpciaccess0:amd64 (0.16-3) ...
Selecting previously unselected package libdrm-intel1:amd64.
Preparing to unpack .../094-libdrm-intel1_2.4.113-2~ubuntu0.22.04.1_amd64.deb ...
Unpacking libdrm-intel1:amd64 (2.4.113-2~ubuntu0.22.04.1) ...
Selecting previously unselected package libgl1-amber-dri:amd64.
Preparing to unpack .../095-libgl1-amber-dri_21.3.7-0ubuntu1_amd64.deb ...
Unpacking libgl1-amber-dri:amd64 (21.3.7-0ubuntu1) ...
Selecting previously unselected package xorg-sgml-doctools.
Preparing to unpack .../096-xorg-sgml-doctools_1%3a1.11-1.1_all.deb ...
Unpacking xorg-sgml-doctools (1:1.11-1.1) ...
Selecting previously unselected package x11proto-dev.
Preparing to unpack .../097-x11proto-dev_2021.5-1_all.deb ...
Unpacking x11proto-dev (2021.5-1) ...
Selecting previously unselected package libice-dev:amd64.
Preparing to unpack .../098-libice-dev_2%3a1.0.10-1build2_amd64.deb ...
Unpacking libice-dev:amd64 (2:1.0.10-1build2) ...
Selecting previously unselected package libpthread-stubs0-dev:amd64.
Preparing to unpack .../099-libpthread-stubs0-dev_0.4-1build2_amd64.deb ...
Unpacking libpthread-stubs0-dev:amd64 (0.4-1build2) ...
Selecting previously unselected package libsm-dev:amd64.
Preparing to unpack .../100-libsm-dev_2%3a1.2.3-1build2_amd64.deb ...
Unpacking libsm-dev:amd64 (2:1.2.3-1build2) ...
Selecting previously unselected package libxau-dev:amd64.
Preparing to unpack .../101-libxau-dev_1%3a1.0.9-1build5_amd64.deb ...
Unpacking libxau-dev:amd64 (1:1.0.9-1build5) ...
Selecting previously unselected package libxdmcp-dev:amd64.
Preparing to unpack .../102-libxdmcp-dev_1%3a1.1.3-0ubuntu5_amd64.deb ...
Unpacking libxdmcp-dev:amd64 (1:1.1.3-0ubuntu5) ...
Selecting previously unselected package xtrans-dev.
Preparing to unpack .../103-xtrans-dev_1.4.0-1_all.deb ...
Unpacking xtrans-dev (1.4.0-1) ...
Selecting previously unselected package libxcb1-dev:amd64.
Preparing to unpack .../104-libxcb1-dev_1.14-3ubuntu3_amd64.deb ...
Unpacking libxcb1-dev:amd64 (1.14-3ubuntu3) ...
Selecting previously unselected package libx11-dev:amd64.
Preparing to unpack .../105-libx11-dev_2%3a1.7.5-1_amd64.deb ...
Unpacking libx11-dev:amd64 (2:1.7.5-1) ...
Selecting previously unselected package libxt-dev:amd64.
Preparing to unpack .../106-libxt-dev_1%3a1.2.1-1_amd64.deb ...
Unpacking libxt-dev:amd64 (1:1.2.1-1) ...
Setting up libgraphite2-3:amd64 (1.3.14-1build2) ...
Setting up libxcb-dri3-0:amd64 (1.14-3ubuntu3) ...
Setting up liblcms2-2:amd64 (2.12~rc1-2build2) ...
Setting up libx11-xcb1:amd64 (2:1.7.5-1) ...
Setting up libpciaccess0:amd64 (0.16-3) ...
Setting up session-migration (0.3.6) ...
Created symlink /etc/systemd/user/graphical-session-pre.target.wants/session-migration.service → /usr/lib/systemd/user/session-migration.service.
Setting up libxcb-xfixes0:amd64 (1.14-3ubuntu3) ...
Setting up libxpm4:amd64 (1:3.5.12-1ubuntu0.22.04.1) ...
Setting up libxi6:amd64 (2:1.8-1build1) ...
Setting up java-common (0.72build2) ...
Setting up libxrender1:amd64 (1:0.9.10-1build4) ...
Setting up libglvnd0:amd64 (1.4.0-1) ...
Setting up libxcb-glx0:amd64 (1.14-3ubuntu3) ...
Setting up libbrotli1:amd64 (1.0.9-2build6) ...
Setting up libxcb-shape0:amd64 (1.14-3ubuntu3) ...
Setting up x11-common (1:7.7+23ubuntu2) ...
debconf: unable to initialize frontend: Dialog
debconf: (No usable dialog-like program is installed, so the dialog based frontend cannot be used. at /usr/share/perl5/Debconf/FrontEnd/Dialog.pm line 78.)
debconf: falling back to frontend: Readline
debconf: unable to initialize frontend: Readline
debconf: (Can't locate Term/ReadLine.pm in @INC (you may need to install the Term::ReadLine module) (@INC contains: /etc/perl /usr/local/lib/x86_64-linux-gnu/perl/5.34.0 /usr/local/share/perl/5.34.0 /usr/lib/x86_64-linux-gnu/perl5/5.34 /usr/share/perl5 /usr/lib/x86_64-linux-gnu/perl-base /usr/lib/x86_64-linux-gnu/perl/5.34 /usr/share/perl/5.34 /usr/local/lib/site_perl) at /usr/share/perl5/Debconf/FrontEnd/Readline.pm line 7.)
debconf: falling back to frontend: Teletype
invoke-rc.d: could not determine current runlevel
invoke-rc.d: policy-rc.d denied execution of start.
Setting up libsensors-config (1:3.6.0-7ubuntu1) ...
Setting up libxxf86dga1:amd64 (2:1.1.5-0ubuntu3) ...
Setting up libxcb-shm0:amd64 (1.14-3ubuntu3) ...
Setting up libatspi2.0-0:amd64 (2.44.0-3) ...
Setting up libpthread-stubs0-dev:amd64 (0.4-1build2) ...
Setting up libxxf86vm1:amd64 (1:1.1.4-1build3) ...
Setting up libxcb-present0:amd64 (1.14-3ubuntu3) ...
Setting up libdconf1:amd64 (0.40.0-3) ...
Setting up libasound2-data (1.2.6.1-1ubuntu1) ...
Setting up dbus-user-session (1.12.20-2ubuntu4.1) ...
Setting up xtrans-dev (1.4.0-1) ...
Setting up libfontenc1:amd64 (1:1.1.4-1build3) ...
Setting up libnspr4:amd64 (2:4.32-3build1) ...
Setting up libxfixes3:amd64 (1:6.0.0-1) ...
Setting up libxcb-sync1:amd64 (1.14-3ubuntu3) ...
Setting up libavahi-common-data:amd64 (0.8-5ubuntu5) ...
Setting up libxinerama1:amd64 (2:1.1.4-3) ...
Setting up libxv1:amd64 (2:1.0.11-1build2) ...
Setting up libpng16-16:amd64 (1.6.37-3build5) ...
Setting up libxrandr2:amd64 (2:1.5.2-1build1) ...
Setting up fonts-dejavu-core (2.37-2build1) ...
Setting up libpcsclite1:amd64 (1.9.5-3) ...
Setting up libsensors5:amd64 (1:3.6.0-7ubuntu1) ...
Setting up libjpeg-turbo8:amd64 (2.1.2-0ubuntu1) ...
Setting up libglapi-mesa:amd64 (22.2.5-0ubuntu0.1~22.04.1) ...
Setting up libxcb-dri2-0:amd64 (1.14-3ubuntu3) ...
Setting up libgif7:amd64 (5.1.9-2build2) ...
Setting up libatk1.0-data (2.36.0-3build1) ...
Setting up fonts-dejavu-extra (2.37-2build1) ...
Setting up alsa-topology-conf (1.2.5.1-2) ...
Setting up libxshmfence1:amd64 (1.3-1build4) ...
Setting up libllvm15:amd64 (1:15.0.7-0ubuntu0.22.04.1) ...
Setting up libasound2:amd64 (1.2.6.1-1ubuntu1) ...
Setting up xorg-sgml-doctools (1:1.11-1.1) ...
Setting up libatk1.0-0:amd64 (2.36.0-3build1) ...
Setting up libxkbfile1:amd64 (1:1.1.0-1build3) ...
Setting up libdrm-common (2.4.113-2~ubuntu0.22.04.1) ...
Setting up libelf1:amd64 (0.186-1build1) ...
Setting up libxcomposite1:amd64 (1:0.4.5-1build2) ...
Setting up libjpeg8:amd64 (8c-2ubuntu10) ...
Setting up x11proto-dev (2021.5-1) ...
Setting up libice6:amd64 (2:1.0.10-1build2) ...
Setting up libxau-dev:amd64 (1:1.0.9-1build5) ...
Setting up libice-dev:amd64 (2:1.0.10-1build2) ...
Setting up alsa-ucm-conf (1.2.6.3-1ubuntu1.5) ...
Setting up fontconfig-config (2.13.1-4.2ubuntu5) ...
Setting up libxtst6:amd64 (2:1.2.3-1build4) ...
Setting up libavahi-common3:amd64 (0.8-5ubuntu5) ...
Setting up dconf-service (0.40.0-3) ...
Setting up libnss3:amd64 (2:3.68.2-0ubuntu1.2) ...
Setting up libatk-bridge2.0-0:amd64 (2.38.0-3) ...
Setting up libxdmcp-dev:amd64 (1:1.1.3-0ubuntu5) ...
Setting up libfreetype6:amd64 (2.11.1+dfsg-1ubuntu0.1) ...
Setting up libdrm2:amd64 (2.4.113-2~ubuntu0.22.04.1) ...
Setting up libharfbuzz0b:amd64 (2.7.4-1ubuntu3.1) ...
Setting up libfontconfig1:amd64 (2.13.1-4.2ubuntu5) ...
Setting up libsm6:amd64 (2:1.2.3-1build2) ...
Setting up libavahi-client3:amd64 (0.8-5ubuntu5) ...
Setting up libdrm-amdgpu1:amd64 (2.4.113-2~ubuntu0.22.04.1) ...
Setting up libxft2:amd64 (2.3.4-1) ...
Setting up libdrm-nouveau2:amd64 (2.4.113-2~ubuntu0.22.04.1) ...
Setting up libxcb1-dev:amd64 (1.14-3ubuntu3) ...
Setting up dconf-gsettings-backend:amd64 (0.40.0-3) ...
Setting up libsm-dev:amd64 (2:1.2.3-1build2) ...
Setting up libdrm-radeon1:amd64 (2.4.113-2~ubuntu0.22.04.1) ...
Setting up libdrm-intel1:amd64 (2.4.113-2~ubuntu0.22.04.1) ...
Setting up libgl1-mesa-dri:amd64 (22.2.5-0ubuntu0.1~22.04.1) ...
Setting up libx11-dev:amd64 (2:1.7.5-1) ...
Setting up libxt6:amd64 (1:1.2.1-1) ...
Setting up libcups2:amd64 (2.4.1op1-1ubuntu4.1) ...
Setting up gsettings-desktop-schemas (42.0-1ubuntu1) ...
Setting up libgl1-amber-dri:amd64 (21.3.7-0ubuntu1) ...
Setting up libxmu6:amd64 (2:1.1.3-3) ...
Setting up libglx-mesa0:amd64 (22.2.5-0ubuntu0.1~22.04.1) ...
Setting up libglx0:amd64 (1.4.0-1) ...
Setting up libxaw7:amd64 (2:1.0.14-1) ...
Setting up libgl1:amd64 (1.4.0-1) ...
Setting up libxt-dev:amd64 (1:1.2.1-1) ...
Setting up x11-utils (7.7+5build2) ...
Setting up libatk-wrapper-java (0.38.0-5build1) ...
Setting up libatk-wrapper-java-jni:amd64 (0.38.0-5build1) ...
Setting up ca-certificates-java (20190909ubuntu1.1) ...
head: cannot open '/etc/ssl/certs/java/cacerts' for reading: No such file or directory
Adding debian:Buypass_Class_2_Root_CA.pem
Adding debian:Microsec_e-Szigno_Root_CA_2009.pem
Adding debian:XRamp_Global_CA_Root.pem
Adding debian:Certigna_Root_CA.pem
Adding debian:Network_Solutions_Certificate_Authority.pem
Adding debian:Entrust_Root_Certification_Authority_-_G4.pem
Adding debian:T-TeleSec_GlobalRoot_Class_3.pem
Adding debian:QuoVadis_Root_CA_1_G3.pem
Adding debian:Cybertrust_Global_Root.pem
Adding debian:AC_RAIZ_FNMT-RCM.pem
Adding debian:USERTrust_RSA_Certification_Authority.pem
Adding debian:SSL.com_EV_Root_Certification_Authority_RSA_R2.pem
Adding debian:CFCA_EV_ROOT.pem
Adding debian:D-TRUST_Root_Class_3_CA_2_EV_2009.pem
Adding debian:DigiCert_High_Assurance_EV_Root_CA.pem
Adding debian:DigiCert_Assured_ID_Root_CA.pem
Adding debian:GTS_Root_R4.pem
Adding debian:Go_Daddy_Root_Certificate_Authority_-_G2.pem
Adding debian:Actalis_Authentication_Root_CA.pem
Adding debian:Hongkong_Post_Root_CA_3.pem
Adding debian:GlobalSign_Root_CA_-_R3.pem
Adding debian:ANF_Secure_Server_Root_CA.pem
Adding debian:Security_Communication_Root_CA.pem
Adding debian:GTS_Root_R3.pem
Adding debian:GlobalSign_ECC_Root_CA_-_R5.pem
Adding debian:Trustwave_Global_ECC_P256_Certification_Authority.pem
Adding debian:Amazon_Root_CA_2.pem
Adding debian:GLOBALTRUST_2020.pem
Adding debian:Certigna.pem
Adding debian:GlobalSign_Root_CA.pem
Adding debian:GlobalSign_ECC_Root_CA_-_R4.pem
Adding debian:COMODO_RSA_Certification_Authority.pem
Adding debian:GlobalSign_Root_R46.pem
Adding debian:DigiCert_Global_Root_G2.pem
Adding debian:SecureSign_RootCA11.pem
Adding debian:SZAFIR_ROOT_CA2.pem
Adding debian:Autoridad_de_Certificacion_Firmaprofesional_CIF_A62634068.pem
Adding debian:GTS_Root_R2.pem
Adding debian:AffirmTrust_Premium_ECC.pem
Adding debian:Trustwave_Global_Certification_Authority.pem
Adding debian:SSL.com_Root_Certification_Authority_ECC.pem
Adding debian:DigiCert_Trusted_Root_G4.pem
Adding debian:NAVER_Global_Root_Certification_Authority.pem
Adding debian:Baltimore_CyberTrust_Root.pem
Adding debian:E-Tugra_Certification_Authority.pem
Adding debian:T-TeleSec_GlobalRoot_Class_2.pem
Adding debian:Certum_Trusted_Network_CA.pem
Adding debian:SwissSign_Gold_CA_-_G2.pem
Adding debian:Hongkong_Post_Root_CA_1.pem
Adding debian:Entrust_Root_Certification_Authority.pem
Adding debian:Certum_Trusted_Root_CA.pem
Adding debian:USERTrust_ECC_Certification_Authority.pem
Adding debian:emSign_ECC_Root_CA_-_G3.pem
Adding debian:Microsoft_ECC_Root_Certificate_Authority_2017.pem
Adding debian:Trustwave_Global_ECC_P384_Certification_Authority.pem
Adding debian:DigiCert_Global_Root_G3.pem
Adding debian:ISRG_Root_X1.pem
Adding debian:SSL.com_EV_Root_Certification_Authority_ECC.pem
Adding debian:GDCA_TrustAUTH_R5_ROOT.pem
Adding debian:Certum_EC-384_CA.pem
Adding debian:Go_Daddy_Class_2_CA.pem
Adding debian:GTS_Root_R1.pem
Adding debian:COMODO_ECC_Certification_Authority.pem
Adding debian:NetLock_Arany_=Class_Gold=_Főtanúsítvány.pem
Adding debian:emSign_Root_CA_-_G1.pem
Adding debian:UCA_Global_G2_Root.pem
Adding debian:QuoVadis_Root_CA_2_G3.pem
Adding debian:Certum_Trusted_Network_CA_2.pem
Adding debian:IdenTrust_Public_Sector_Root_CA_1.pem
Adding debian:Entrust.net_Premium_2048_Secure_Server_CA.pem
Adding debian:QuoVadis_Root_CA_2.pem
Adding debian:ACCVRAIZ1.pem
Adding debian:TeliaSonera_Root_CA_v1.pem
Adding debian:SecureTrust_CA.pem
Adding debian:OISTE_WISeKey_Global_Root_GB_CA.pem
Adding debian:ePKI_Root_Certification_Authority.pem
Adding debian:AffirmTrust_Networking.pem
Adding debian:TWCA_Global_Root_CA.pem
Adding debian:Hellenic_Academic_and_Research_Institutions_ECC_RootCA_2015.pem
Adding debian:Staat_der_Nederlanden_EV_Root_CA.pem
Adding debian:QuoVadis_Root_CA_3_G3.pem
Adding debian:TUBITAK_Kamu_SM_SSL_Kok_Sertifikasi_-_Surum_1.pem
Adding debian:D-TRUST_Root_Class_3_CA_2_2009.pem
Adding debian:certSIGN_ROOT_CA.pem
Adding debian:emSign_Root_CA_-_C1.pem
Adding debian:GlobalSign_Root_CA_-_R6.pem
Adding debian:Amazon_Root_CA_1.pem
Adding debian:TWCA_Root_Certification_Authority.pem
Adding debian:IdenTrust_Commercial_Root_CA_1.pem
Adding debian:Starfield_Root_Certificate_Authority_-_G2.pem
Adding debian:SwissSign_Silver_CA_-_G2.pem
Adding debian:certSIGN_Root_CA_G2.pem
Adding debian:e-Szigno_Root_CA_2017.pem
Adding debian:DigiCert_Assured_ID_Root_G3.pem
Adding debian:COMODO_Certification_Authority.pem
Adding debian:Buypass_Class_3_Root_CA.pem
Adding debian:AffirmTrust_Premium.pem
Adding debian:CA_Disig_Root_R2.pem
Adding debian:QuoVadis_Root_CA_3.pem
Adding debian:UCA_Extended_Validation_Root.pem
Adding debian:AC_RAIZ_FNMT-RCM_SERVIDORES_SEGUROS.pem
Adding debian:Amazon_Root_CA_3.pem
Adding debian:emSign_ECC_Root_CA_-_C3.pem
Adding debian:Secure_Global_CA.pem
Adding debian:Amazon_Root_CA_4.pem
Adding debian:Comodo_AAA_Services_root.pem
Adding debian:DigiCert_Assured_ID_Root_G2.pem
Adding debian:Starfield_Services_Root_Certificate_Authority_-_G2.pem
Adding debian:AffirmTrust_Commercial.pem
Adding debian:Starfield_Class_2_CA.pem
Adding debian:EC-ACC.pem
Adding debian:Security_Communication_RootCA2.pem
Adding debian:Entrust_Root_Certification_Authority_-_EC1.pem
Adding debian:DigiCert_Global_Root_CA.pem
Adding debian:Hellenic_Academic_and_Research_Institutions_RootCA_2011.pem
Adding debian:GlobalSign_Root_CA_-_R2.pem
Adding debian:OISTE_WISeKey_Global_Root_GC_CA.pem
Adding debian:Hellenic_Academic_and_Research_Institutions_RootCA_2015.pem
Adding debian:SSL.com_Root_Certification_Authority_RSA.pem
Adding debian:Izenpe.com.pem
Adding debian:Entrust_Root_Certification_Authority_-_G2.pem
Adding debian:Microsoft_RSA_Root_Certificate_Authority_2017.pem
Adding debian:GlobalSign_Root_E46.pem
Adding debian:Atos_TrustedRoot_2011.pem
done.
Setting up default-jre-headless (2:1.11-72build2) ...
Processing triggers for libglib2.0-0:amd64 (2.72.4-0ubuntu2) ...
Processing triggers for libc-bin (2.35-0ubuntu3.1) ...
Processing triggers for ca-certificates (20211016ubuntu0.22.04.1) ...
Updating certificates in /etc/ssl/certs...
0 added, 0 removed; done.
Running hooks in /etc/ca-certificates/update.d...

done.
done.
Setting up at-spi2-core (2.44.0-3) ...
Setting up openjdk-11-jre-headless:amd64 (11.0.18+10-0ubuntu1~22.04) ...
update-alternatives: using /usr/lib/jvm/java-11-openjdk-amd64/bin/java to provide /usr/bin/java (java) in auto mode
update-alternatives: using /usr/lib/jvm/java-11-openjdk-amd64/bin/jjs to provide /usr/bin/jjs (jjs) in auto mode
update-alternatives: using /usr/lib/jvm/java-11-openjdk-amd64/bin/keytool to provide /usr/bin/keytool (keytool) in auto mode
update-alternatives: using /usr/lib/jvm/java-11-openjdk-amd64/bin/rmid to provide /usr/bin/rmid (rmid) in auto mode
update-alternatives: using /usr/lib/jvm/java-11-openjdk-amd64/bin/rmiregistry to provide /usr/bin/rmiregistry (rmiregistry) in auto mode
update-alternatives: using /usr/lib/jvm/java-11-openjdk-amd64/bin/pack200 to provide /usr/bin/pack200 (pack200) in auto mode
update-alternatives: using /usr/lib/jvm/java-11-openjdk-amd64/bin/unpack200 to provide /usr/bin/unpack200 (unpack200) in auto mode
update-alternatives: using /usr/lib/jvm/java-11-openjdk-amd64/lib/jexec to provide /usr/bin/jexec (jexec) in auto mode
Setting up openjdk-11-jre:amd64 (11.0.18+10-0ubuntu1~22.04) ...
Setting up openjdk-11-jdk-headless:amd64 (11.0.18+10-0ubuntu1~22.04) ...
update-alternatives: using /usr/lib/jvm/java-11-openjdk-amd64/bin/jar to provide /usr/bin/jar (jar) in auto mode
update-alternatives: using /usr/lib/jvm/java-11-openjdk-amd64/bin/jarsigner to provide /usr/bin/jarsigner (jarsigner) in auto mode
update-alternatives: using /usr/lib/jvm/java-11-openjdk-amd64/bin/javac to provide /usr/bin/javac (javac) in auto mode
update-alternatives: using /usr/lib/jvm/java-11-openjdk-amd64/bin/javadoc to provide /usr/bin/javadoc (javadoc) in auto mode
update-alternatives: using /usr/lib/jvm/java-11-openjdk-amd64/bin/javap to provide /usr/bin/javap (javap) in auto mode
update-alternatives: using /usr/lib/jvm/java-11-openjdk-amd64/bin/jcmd to provide /usr/bin/jcmd (jcmd) in auto mode
update-alternatives: using /usr/lib/jvm/java-11-openjdk-amd64/bin/jdb to provide /usr/bin/jdb (jdb) in auto mode
update-alternatives: using /usr/lib/jvm/java-11-openjdk-amd64/bin/jdeprscan to provide /usr/bin/jdeprscan (jdeprscan) in auto mode
update-alternatives: using /usr/lib/jvm/java-11-openjdk-amd64/bin/jdeps to provide /usr/bin/jdeps (jdeps) in auto mode
update-alternatives: using /usr/lib/jvm/java-11-openjdk-amd64/bin/jfr to provide /usr/bin/jfr (jfr) in auto mode
update-alternatives: using /usr/lib/jvm/java-11-openjdk-amd64/bin/jimage to provide /usr/bin/jimage (jimage) in auto mode
update-alternatives: using /usr/lib/jvm/java-11-openjdk-amd64/bin/jinfo to provide /usr/bin/jinfo (jinfo) in auto mode
update-alternatives: using /usr/lib/jvm/java-11-openjdk-amd64/bin/jlink to provide /usr/bin/jlink (jlink) in auto mode
update-alternatives: using /usr/lib/jvm/java-11-openjdk-amd64/bin/jmap to provide /usr/bin/jmap (jmap) in auto mode
update-alternatives: using /usr/lib/jvm/java-11-openjdk-amd64/bin/jmod to provide /usr/bin/jmod (jmod) in auto mode
update-alternatives: using /usr/lib/jvm/java-11-openjdk-amd64/bin/jps to provide /usr/bin/jps (jps) in auto mode
update-alternatives: using /usr/lib/jvm/java-11-openjdk-amd64/bin/jrunscript to provide /usr/bin/jrunscript (jrunscript) in auto mode
update-alternatives: using /usr/lib/jvm/java-11-openjdk-amd64/bin/jshell to provide /usr/bin/jshell (jshell) in auto mode
update-alternatives: using /usr/lib/jvm/java-11-openjdk-amd64/bin/jstack to provide /usr/bin/jstack (jstack) in auto mode
update-alternatives: using /usr/lib/jvm/java-11-openjdk-amd64/bin/jstat to provide /usr/bin/jstat (jstat) in auto mode
update-alternatives: using /usr/lib/jvm/java-11-openjdk-amd64/bin/jstatd to provide /usr/bin/jstatd (jstatd) in auto mode
update-alternatives: using /usr/lib/jvm/java-11-openjdk-amd64/bin/rmic to provide /usr/bin/rmic (rmic) in auto mode
update-alternatives: using /usr/lib/jvm/java-11-openjdk-amd64/bin/serialver to provide /usr/bin/serialver (serialver) in auto mode
update-alternatives: using /usr/lib/jvm/java-11-openjdk-amd64/bin/jaotc to provide /usr/bin/jaotc (jaotc) in auto mode
update-alternatives: using /usr/lib/jvm/java-11-openjdk-amd64/bin/jhsdb to provide /usr/bin/jhsdb (jhsdb) in auto mode
Setting up default-jre (2:1.11-72build2) ...
Setting up default-jdk-headless (2:1.11-72build2) ...
Setting up openjdk-11-jdk:amd64 (11.0.18+10-0ubuntu1~22.04) ...
update-alternatives: using /usr/lib/jvm/java-11-openjdk-amd64/bin/jconsole to provide /usr/bin/jconsole (jconsole) in auto mode
Setting up default-jdk (2:1.11-72build2) ...
root@6e47141a85ff:/# nano ~/.bashrc
bash: nano: command not found
root@6e47141a85ff:/# vim ~/.bashrc
bash: vim: command not found
root@6e47141a85ff:/# apt-cache search text editor
gedit - official text editor of the GNOME desktop environment
gedit-common - official text editor of the GNOME desktop environment (support files)
gedit-dev - official text editor of the GNOME desktop environment (development files)
nano - small, friendly text editor inspired by Pico
sed - GNU stream editor for filtering/transforming text
alpine-pico - Simple text editor from Alpine, a text-based email client
aoeui - lightweight, unobtrusive, Dvorak-optimized text editor
bluefish - advanced Gtk+ text editor for web and software development
bluefish-data - advanced Gtk+ text editor (data)
bluefish-plugins - advanced Gtk+ text editor (plugins)
ckeditor - text editor which can be embedded into web pages
ckeditor3 - text editor for internet
dav-text - minimalist ncurses-based text editor
dte - small and easy to use console text editor
e3 - very small text editor
featherpad - Lightweight Qt5 plain-text editor
formiko - reStructuredText and MarkDown editor and live previewer
frescobaldi - LilyPond sheet music text editor
fte - Text editor for programmers - base package
fte-console - Text editor for programmers - console edition, no I18N support
fte-terminal - Text editor for programmers - version for terminals
fte-xwindow - Text editor for programmers - X Window System edition with I18N support
gaupol - subtitle editor for text-based subtitle files
gnome-text-editor - simple text editor for GNOME
gobby - infinote-based collaborative text editor
gprompter - intelligent predictive GTK+ text editor
gprompter-dbg - intelligent predictive GTK+ text editor (debugging symbols)
jed - editor for programmers (textmode version)
joe - user friendly full screen text editor
juffed - Lightweight yet powerful Qt text editor
juffed-dev - Lightweight yet powerful Qt text editor - development files
juffed-plugins - Lightweight yet powerful Qt text editor - plugins
jupp - user friendly full screen text editor
kate - powerful text editor
kate5-data - shared data files for Kate text editor
kephra - gui text editor along Perl alike Paradigms
ktexteditor-data - provide advanced plain text editing services
ktexteditor-katepart - provide advanced plain text editing services
kwrite - simple text editor
l3afpad - Simple text editor forked from Leafpad
ldapvi - perform an LDAP search and update results using a text editor
le - Text editor with block and binary operations
libeclipse-ui-editors-java - Eclipse Default Text Editor
libeclipse-ui-genericeditor-java - EEclipse Generic and Extensible Text Editor
libeclipse-ui-workbench-texteditor-java - Eclipse Text Editor Framework
libghc-text-zipper-dev - text editor zipper library
libghc-text-zipper-doc - text editor zipper library; documentation
libghc-text-zipper-prof - text editor zipper library; profiling libraries
libjs-fuzzaldrin-plus - fuzzy search / highlight for programmer's text editor (browser)
libkf5texteditor-bin - provide advanced plain text editing services (binaries)
libkf5texteditor-dev - provide advanced plain text editing services
libkf5texteditor-doc - provide advanced plain text editing services (documentation)
libkf5texteditor5 - provide advanced plain text editing services
libproc-invokeeditor-perl - Perl extension for starting a text editor
librust-scrawl-dev - Rust library to open a user's text editor - Rust source code
mediawiki-extension-codemirror - Syntax highlighting in MediaWiki's wikitext editor
micro - modern and intuitive terminal-based text editor
mousepad - simple Xfce oriented text editor
nano-tiny - small, friendly text editor inspired by Pico - tiny build
ne - easy-to-use and powerful text editor
ne-doc - documentation for the ne text editor
nedit - powerful, customizable, Motif based text editor
node-external-editor - Edit a string with the users preferred text editor
pluma - official text editor of the MATE desktop environment
pluma-common - official text editor of the MATE desktop environment (common files)
pluma-dev - official text editor of the MATE desktop environment (development files)
pluma-doc - official text editor of the MATE desktop environment (documentation files)
poedit - gettext catalog editor
retext - Simple text editor for Markdown and reStructuredText
subtitlecomposer - text-based subtitle editor
sweethome3d-textures-editor - Sweet Home 3D Textures Library Editor
tea - graphical text editor with syntax highlighting
tea-data - graphical text editor with syntax highlighting - data files
textedit.app - Text editor for GNUstep
the - Full-screen character mode text editor
tilde - Intuitive text editor for the terminal
tweak - Efficient text-mode hex editor
xemacs21 - highly customizable text editor metapackage
xemacs21-bin - highly customizable text editor -- support binaries
xemacs21-mule - highly customizable text editor -- Mule binary
xemacs21-mule-canna-wnn - highly customizable text editor -- Mule binary compiled with Canna and Wnn
xemacs21-nomule - highly customizable text editor -- Non-mule binary
xemacs21-support - highly customizable text editor -- architecture independent support files
xemacs21-supportel - highly customizable text editor -- non-required library files
yudit - Unicode text editor (arch-dependent binaries)
yudit-common - Unicode text editor (arch-independent files)
yudit-doc - Unicode text editor (Documentation)
zim - graphical text editor based on wiki technologies
root@6e47141a85ff:/# nano-tiny ~/.bashrc
bash: nano-tiny: command not found
root@6e47141a85ff:/# tilde ~/.bashrc
bash: tilde: command not found
root@6e47141a85ff:/# apt-get install nano       
Reading package lists... Done
Building dependency tree... Done
Reading state information... Done
Suggested packages:
  hunspell
The following NEW packages will be installed:
  nano
0 upgraded, 1 newly installed, 0 to remove and 4 not upgraded.
Need to get 280 kB of archives.
After this operation, 881 kB of additional disk space will be used.
Get:1 http://archive.ubuntu.com/ubuntu jammy/main amd64 nano amd64 6.2-1 [280 kB]
Fetched 280 kB in 1s (323 kB/s)
debconf: delaying package configuration, since apt-utils is not installed
Selecting previously unselected package nano.
(Reading database ... 12846 files and directories currently installed.)
Preparing to unpack .../archives/nano_6.2-1_amd64.deb ...
Unpacking nano (6.2-1) ...
Setting up nano (6.2-1) ...
update-alternatives: using /bin/nano to provide /usr/bin/editor (editor) in auto mode
update-alternatives: warning: skip creation of /usr/share/man/man1/editor.1.gz because associated file /usr/share/man/man1/nano.1.gz (of link group editor) doesn't exist
update-alternatives: using /bin/nano to provide /usr/bin/pico (pico) in auto mode
update-alternatives: warning: skip creation of /usr/share/man/man1/pico.1.gz because associated file /usr/share/man/man1/nano.1.gz (of link group pico) doesn't exist
root@6e47141a85ff:/# nano ~/.bashrc
root@6e47141a85ff:/# nano ~/.bashrc
root@6e47141a85ff:/# source ~/.bashrc
bash: export: `=/usr/local/sbin:/usr/local/bin:/usr/sbin:/usr/bin:/sbin:/bin:/usr/games:/usr/local/games:/snap/bin:/usr/local/java/bin': not a valid identifier
root@6e47141a85ff:/# nano ~/.bashrc
root@6e47141a85ff:/# source ~/.bashrc
bash: export: `=/usr/local/sbin:/usr/local/bin:/usr/sbin:/usr/bin:/sbin:/bin:/usr/games:/usr/local/games:/snap/bin:/usr/local/java/bin': not a valid identifier
root@6e47141a85ff:/# nano ~/.bashrc
root@6e47141a85ff:/# source ~/.bashrc
bash: PATH: command not found
root@6e47141a85ff:/# nano ~/.bashrc
root@6e47141a85ff:/# source ~/.bashrc
bash: export: `=/usr/local/sbin:/usr/local/bin:/usr/sbin:/usr/bin:/sbin:/bin:/usr/games:/usr/local/games:/snap/bin:/usr/local/java/bin': not a valid identifier
root@6e47141a85ff:/# nano ~/.bashrc
root@6e47141a85ff:/# source ~/.bashrc
root@6e47141a85ff:/# alternatives --install /usr/bin/java java usr/local/java/bin/java 2
bash: alternatives: command not found
root@6e47141a85ff:/# apt-get install -y alternatives
Reading package lists... Done
Building dependency tree... Done
Reading state information... Done
E: Unable to locate package alternatives
root@6e47141a85ff:/# java -version
openjdk version "11.0.18" 2023-01-17
OpenJDK Runtime Environment (build 11.0.18+10-post-Ubuntu-0ubuntu122.04)
OpenJDK 64-Bit Server VM (build 11.0.18+10-post-Ubuntu-0ubuntu122.04, mixed mode, sharing)
root@6e47141a85ff:/# wget http://apache.claz.org/hadoop/common/hadoop-2.4.1/hadoop-2.4.1.tar.gz
--2023-05-02 19:01:23--  http://apache.claz.org/hadoop/common/hadoop-2.4.1/hadoop-2.4.1.tar.gz
Resolving apache.claz.org (apache.claz.org)... 69.162.83.22, 69.162.68.146, 74.63.201.106
Connecting to apache.claz.org (apache.claz.org)|69.162.83.22|:80... connected.
HTTP request sent, awaiting response... 302 Found
Location: https://apache.claz.org/hadoop/common/hadoop-2.4.1/hadoop-2.4.1.tar.gz [following]
--2023-05-02 19:01:24--  https://apache.claz.org/hadoop/common/hadoop-2.4.1/hadoop-2.4.1.tar.gz
Connecting to apache.claz.org (apache.claz.org)|69.162.83.22|:443... connected.
HTTP request sent, awaiting response... 404 404
2023-05-02 19:01:25 ERROR 404: 404.

root@6e47141a85ff:/# wget http://apache.claz.org/hadoop/common/hadoop-2.4.1/hadoop-2.4.1.tar.gz
--2023-05-02 19:01:44--  http://apache.claz.org/hadoop/common/hadoop-2.4.1/hadoop-2.4.1.tar.gz
Resolving apache.claz.org (apache.claz.org)... 69.162.83.22, 69.162.68.146, 74.63.201.106
Connecting to apache.claz.org (apache.claz.org)|69.162.83.22|:80... connected.
HTTP request sent, awaiting response... 302 Found
Location: https://apache.claz.org/hadoop/common/hadoop-2.4.1/hadoop-2.4.1.tar.gz [following]
--2023-05-02 19:01:44--  https://apache.claz.org/hadoop/common/hadoop-2.4.1/hadoop-2.4.1.tar.gz
Connecting to apache.claz.org (apache.claz.org)|69.162.83.22|:443... connected.
HTTP request sent, awaiting response... 404 404
2023-05-02 19:01:44 ERROR 404: 404.

root@6e47141a85ff:/# tar xzf hadoop-2.4.1.tar.gz
tar (child): hadoop-2.4.1.tar.gz: Cannot open: No such file or directory
tar (child): Error is not recoverable: exiting now
tar: Child returned status 2
tar: Error is not recoverable: exiting now
root@6e47141a85ff:/# wget https://downloads.apache.org/hadoop/common/hadoop-3.3.5/hadoop-3.3.5.tar.gz
--2023-05-02 19:05:24--  https://downloads.apache.org/hadoop/common/hadoop-3.3.5/hadoop-3.3.5.tar.gz
Resolving downloads.apache.org (downloads.apache.org)... 135.181.214.104, 88.99.95.219, 2a01:4f9:3a:2c57::2, ...
Connecting to downloads.apache.org (downloads.apache.org)|135.181.214.104|:443... connected.
HTTP request sent, awaiting response... 200 OK
Length: 706533213 (674M) [application/x-gzip]
Saving to: 'hadoop-3.3.5.tar.gz'

hadoop-3.3.5.tar.gz     100%[===============================>] 673.80M  4.77MB/s    in 3m 33s  

2023-05-02 19:08:58 (3.16 MB/s) - 'hadoop-3.3.5.tar.gz' saved [706533213/706533213]

root@6e47141a85ff:/# tar -xzf hadoop-3.3.5.tar.gz
root@6e47141a85ff:/# mv hadoop-3.3.5 /usr/local/hadoop
root@6e47141a85ff:/# nano /etc/environment
root@6e47141a85ff:/# export HADOOP_HOME
root@6e47141a85ff:/# export JAVA_HOME
root@6e47141a85ff:/# export PATH
root@6e47141a85ff:/# source /etc/environment
root@6e47141a85ff:/# hadoop version
ERROR: JAVA_HOME /usr/lib/jvm/java-11-openjdk/amd64/ does not exist.
root@6e47141a85ff:/# nano /etc/environment
root@6e47141a85ff:/# export JAVA_HOME
root@6e47141a85ff:/# source /etc/environment
root@6e47141a85ff:/# hadoop version
Hadoop 3.3.5
Source code repository https://github.com/apache/hadoop.git -r 706d88266abcee09ed78fbaa0ad5f74d818ab0e9
Compiled by stevel on 2023-03-15T15:56Z
Compiled with protoc 3.7.1
From source with checksum 6bbd9afcf4838a0eb12a5f189e9bd7
This command was run using /usr/local/hadoop/share/hadoop/common/hadoop-common-3.3.5.jar
root@6e47141a85ff:/# mkdir input
root@6e47141a85ff:/# echo "Hello World" > input/file1.txt
root@6e47141a85ff:/# echo "Hello Hadoop" > input/file2.txt
root@6e47141a85ff:/# echo "Hadoop MapReduce" > input/file3.txt
root@6e47141a85ff:/# hdfs dfs -put input input
put: mkdir `../input/input/input/input/input/input/input/input/input/input/input/input/input/input/input/input/input/input/input/input/input/input/input/input/input/input/input/input/input/input/input/input/input/input/input/input/input/input/input/input/input/input/input/input/input/input/input/input/input/input/input/input/input/input/input/input/input/input/input/input/input/input/input/input/input/input/input/input/input/input/input/input/input/input/input/input/input/input/input/input/input/input/input/input/input/input/input/input/input/input/input/input/input/input/input/input/input/input/input/input/input/input/input/input/input/input/input/input/input/input/input/input/input/input/input/input/input/input/input/input/input/input/input/input/input/input/input/input/input/input/input/input/input/input/input/input/input/input/input/input/input/input/input/input/input/input/input/input/input/input/input/input/input/input/input/input/input/input/input/input/input/input/input/input/input/input/input/input/input/input/input/input/input/input/input/input/input/input/input/input/input/input/input/input/input/input/input/input/input/input/input/input/input/input/input/input/input/input/input/input/input/input/input/input/input/input/input/input/input/input/input/input/input/input/input/input/input/input/input/input/input/input/input/input/input/input/input/input/input/input/input/input/input/input/input/input/input/input/input/input/input/input/input/input/input/input/input/input/input/input/input/input/input/input/input/input/input/input/input/input/input/input/input/input/input/input/input/input/input/input/input/input/input/input/input/input/input/input/input/input/input/input/input/input/input/input/input/input/input/input/input/input/input/input/input/input/input/input/input/input/input/input/input/input/input/input/input/input/input/input/input/input/input/input/input/input/input/input/input/input/input/input/input/input/input/input/input/input/input/input/input/input/input/input/input/input/input/input/input/input/input/input/input/input/input/input/input/input/input/input/input/input/input/input/input/input/input/input/input/input/input/input/input/input/input/input/input/input/input/input/input/input/input/input/input/input/input/input/input/input/input/input/input/input/input/input/input/input/input/input/input/input/input/input/input/input/input/input/input/input/input/input/input/input/input/input/input/input/input/input/input/input/input/input/input/input/input/input/input/input/input/input/input/input/input/input/input/input/input/input/input/input/input/input/input/input/input/input/input/input/input/input/input/input/input/input/input/input/input/input/input/input/input/input/input/input/input/input/input/input/input/input/input/input/input/input/input/input/input/input/input/input/input/input/input/input/input/input/input/input/input/input/input/input/input/input/input/input/input/input/input/input/input/input/input/input/input/input/input/input/input/input/input/input/input/input/input/input/input/input/input/input/input/input/input/input/input/input/input/input/input/input/input/input/input/input/input/input/input/input/input/input/input/input/input/input/input/input/input/input/input/input/input/input/input/input/input/input/input/input/input/input/input/input/input/input/input/input/input/input/input/input/input/input/input/input/input/input/input/input/input/input/input/input/input/input/input/input/input/input/input/input/input/input/input/input/input/input/input/input/input/input/input/input/input/input/input/input/input/input/input/input/input/input/input/input/input/input/input/input/input/input/input/input/input/input/input/input/input/input/input/input/input/input/input/input/input/input/input/input/input/input/input/input/input/input/input/input/input/input/input/input/input/input/input/input/input/input/input/input/input/input/input/input/input/input/input/input/input/input/input/input/input/input/input/input/input/input/input/input/input/input/input/input/input/input/input/input/input/input/input/input/input': Input/output error
root@6e47141a85ff:/# sbin/start-all.sh
bash: sbin/start-all.sh: No such file or directory
root@6e47141a85ff:/# echo $HADOOP_HOME
/usr/local/hadoop
root@6e47141a85ff:/# mv /usr/local/hadoop/
mv: missing destination file operand after '/usr/local/hadoop/'
Try 'mv --help' for more information.
root@6e47141a85ff:/# mv /usr/local/hadoop  
mv: missing destination file operand after '/usr/local/hadoop'
Try 'mv --help' for more information.
root@6e47141a85ff:/# mv /usr
mv: missing destination file operand after '/usr'
Try 'mv --help' for more information.
root@6e47141a85ff:/# mv /usr/
mv: missing destination file operand after '/usr/'
Try 'mv --help' for more information.
root@6e47141a85ff:/# 